Archive member included to satisfy reference by file (symbol)

/opt/homebrew/Cellar/arm-none-eabi-gcc/10.3-2021.10/gcc/bin/../lib/gcc/arm-none-eabi/10.3.1/../../../../arm-none-eabi/lib/thumb/v7-m/nofp/libc_nano.a(lib_a-exit.o)
                              /opt/homebrew/Cellar/arm-none-eabi-gcc/10.3-2021.10/gcc/bin/../lib/gcc/arm-none-eabi/10.3.1/../../../../arm-none-eabi/lib/thumb/v7-m/nofp/crt0.o (exit)
/opt/homebrew/Cellar/arm-none-eabi-gcc/10.3-2021.10/gcc/bin/../lib/gcc/arm-none-eabi/10.3.1/../../../../arm-none-eabi/lib/thumb/v7-m/nofp/libc_nano.a(lib_a-impure.o)
                              /opt/homebrew/Cellar/arm-none-eabi-gcc/10.3-2021.10/gcc/bin/../lib/gcc/arm-none-eabi/10.3.1/../../../../arm-none-eabi/lib/thumb/v7-m/nofp/libc_nano.a(lib_a-exit.o) (_global_impure_ptr)
/opt/homebrew/Cellar/arm-none-eabi-gcc/10.3-2021.10/gcc/bin/../lib/gcc/arm-none-eabi/10.3.1/../../../../arm-none-eabi/lib/thumb/v7-m/nofp/libc_nano.a(lib_a-init.o)
                              /opt/homebrew/Cellar/arm-none-eabi-gcc/10.3-2021.10/gcc/bin/../lib/gcc/arm-none-eabi/10.3.1/../../../../arm-none-eabi/lib/thumb/v7-m/nofp/crt0.o (__libc_init_array)
/opt/homebrew/Cellar/arm-none-eabi-gcc/10.3-2021.10/gcc/bin/../lib/gcc/arm-none-eabi/10.3.1/../../../../arm-none-eabi/lib/thumb/v7-m/nofp/libc_nano.a(lib_a-memcpy-stub.o)
                              build/util.o (memcpy)
/opt/homebrew/Cellar/arm-none-eabi-gcc/10.3-2021.10/gcc/bin/../lib/gcc/arm-none-eabi/10.3.1/../../../../arm-none-eabi/lib/thumb/v7-m/nofp/libc_nano.a(lib_a-memset.o)
                              /opt/homebrew/Cellar/arm-none-eabi-gcc/10.3-2021.10/gcc/bin/../lib/gcc/arm-none-eabi/10.3.1/../../../../arm-none-eabi/lib/thumb/v7-m/nofp/crt0.o (memset)
/opt/homebrew/Cellar/arm-none-eabi-gcc/10.3-2021.10/gcc/bin/../lib/gcc/arm-none-eabi/10.3.1/../../../../arm-none-eabi/lib/thumb/v7-m/nofp/libc_nano.a(lib_a-printf.o)
                              build/util.o (printf)
/opt/homebrew/Cellar/arm-none-eabi-gcc/10.3-2021.10/gcc/bin/../lib/gcc/arm-none-eabi/10.3.1/../../../../arm-none-eabi/lib/thumb/v7-m/nofp/libc_nano.a(lib_a-findfp.o)
                              /opt/homebrew/Cellar/arm-none-eabi-gcc/10.3-2021.10/gcc/bin/../lib/gcc/arm-none-eabi/10.3.1/../../../../arm-none-eabi/lib/thumb/v7-m/nofp/libc_nano.a(lib_a-printf.o) (__sinit)
/opt/homebrew/Cellar/arm-none-eabi-gcc/10.3-2021.10/gcc/bin/../lib/gcc/arm-none-eabi/10.3.1/../../../../arm-none-eabi/lib/thumb/v7-m/nofp/libc_nano.a(lib_a-fwalk.o)
                              /opt/homebrew/Cellar/arm-none-eabi-gcc/10.3-2021.10/gcc/bin/../lib/gcc/arm-none-eabi/10.3.1/../../../../arm-none-eabi/lib/thumb/v7-m/nofp/libc_nano.a(lib_a-findfp.o) (_fwalk)
/opt/homebrew/Cellar/arm-none-eabi-gcc/10.3-2021.10/gcc/bin/../lib/gcc/arm-none-eabi/10.3.1/../../../../arm-none-eabi/lib/thumb/v7-m/nofp/libc_nano.a(lib_a-lock.o)
                              /opt/homebrew/Cellar/arm-none-eabi-gcc/10.3-2021.10/gcc/bin/../lib/gcc/arm-none-eabi/10.3.1/../../../../arm-none-eabi/lib/thumb/v7-m/nofp/libc_nano.a(lib_a-findfp.o) (__retarget_lock_init_recursive)
/opt/homebrew/Cellar/arm-none-eabi-gcc/10.3-2021.10/gcc/bin/../lib/gcc/arm-none-eabi/10.3.1/../../../../arm-none-eabi/lib/thumb/v7-m/nofp/libc_nano.a(lib_a-nano-mallocr.o)
                              /opt/homebrew/Cellar/arm-none-eabi-gcc/10.3-2021.10/gcc/bin/../lib/gcc/arm-none-eabi/10.3.1/../../../../arm-none-eabi/lib/thumb/v7-m/nofp/libc_nano.a(lib_a-findfp.o) (_malloc_r)
/opt/homebrew/Cellar/arm-none-eabi-gcc/10.3-2021.10/gcc/bin/../lib/gcc/arm-none-eabi/10.3.1/../../../../arm-none-eabi/lib/thumb/v7-m/nofp/libc_nano.a(lib_a-nano-vfprintf.o)
                              /opt/homebrew/Cellar/arm-none-eabi-gcc/10.3-2021.10/gcc/bin/../lib/gcc/arm-none-eabi/10.3.1/../../../../arm-none-eabi/lib/thumb/v7-m/nofp/libc_nano.a(lib_a-printf.o) (_vfprintf_r)
/opt/homebrew/Cellar/arm-none-eabi-gcc/10.3-2021.10/gcc/bin/../lib/gcc/arm-none-eabi/10.3.1/../../../../arm-none-eabi/lib/thumb/v7-m/nofp/libc_nano.a(lib_a-nano-vfprintf_i.o)
                              /opt/homebrew/Cellar/arm-none-eabi-gcc/10.3-2021.10/gcc/bin/../lib/gcc/arm-none-eabi/10.3.1/../../../../arm-none-eabi/lib/thumb/v7-m/nofp/libc_nano.a(lib_a-nano-vfprintf.o) (_printf_i)
/opt/homebrew/Cellar/arm-none-eabi-gcc/10.3-2021.10/gcc/bin/../lib/gcc/arm-none-eabi/10.3.1/../../../../arm-none-eabi/lib/thumb/v7-m/nofp/libc_nano.a(lib_a-sbrkr.o)
                              /opt/homebrew/Cellar/arm-none-eabi-gcc/10.3-2021.10/gcc/bin/../lib/gcc/arm-none-eabi/10.3.1/../../../../arm-none-eabi/lib/thumb/v7-m/nofp/libc_nano.a(lib_a-nano-mallocr.o) (_sbrk_r)
/opt/homebrew/Cellar/arm-none-eabi-gcc/10.3-2021.10/gcc/bin/../lib/gcc/arm-none-eabi/10.3.1/../../../../arm-none-eabi/lib/thumb/v7-m/nofp/libc_nano.a(lib_a-stdio.o)
                              /opt/homebrew/Cellar/arm-none-eabi-gcc/10.3-2021.10/gcc/bin/../lib/gcc/arm-none-eabi/10.3.1/../../../../arm-none-eabi/lib/thumb/v7-m/nofp/libc_nano.a(lib_a-findfp.o) (__sread)
[...]
Memory Configuration

Name             Origin             Length             Attributes
RAM              0x0000000020000000 0x000000000000c000 xrw
FLASH            0x0000000008000000 0x0000000000040000 xr
*default*        0x0000000000000000 0xffffffffffffffff

Linker script and memory map

LOAD /opt/homebrew/Cellar/arm-none-eabi-gcc/10.3-2021.10/gcc/bin/../lib/gcc/arm-none-eabi/10.3.1/thumb/v7-m/nofp/crti.o
LOAD /opt/homebrew/Cellar/arm-none-eabi-gcc/10.3-2021.10/gcc/bin/../lib/gcc/arm-none-eabi/10.3.1/thumb/v7-m/nofp/crtbegin.o
LOAD /opt/homebrew/Cellar/arm-none-eabi-gcc/10.3-2021.10/gcc/bin/../lib/gcc/arm-none-eabi/10.3.1/../../../../arm-none-eabi/lib/thumb/v7-m/nofp/crt0.o
LOAD build/stm32f1xx_hal_flash.o
LOAD build/stm32f1xx_hal_pwr.o
LOAD build/stm32f1xx_hal_rcc.o
LOAD build/stm32f1xx_hal_tim.o
LOAD build/stm32f1xx_hal_tim_ex.o
LOAD build/stm32f1xx_hal_gpio_ex.o
LOAD build/stm32f1xx_hal_adc_ex.o
LOAD build/stm32f1xx_hal_cortex.o
LOAD build/stm32f1xx_hal_flash_ex.o
LOAD build/stm32f1xx_hal_gpio.o
LOAD build/stm32f1xx_hal_rcc_ex.o
LOAD build/stm32f1xx_hal.o
LOAD build/stm32f1xx_hal_adc.o
LOAD build/stm32f1xx_hal_uart.o
LOAD build/stm32f1xx_hal_i2c.o
LOAD build/stm32f1xx_hal_dma.o
LOAD build/system_stm32f1xx.o
LOAD build/setup.o
LOAD build/control.o
LOAD build/comms.o
LOAD build/util.o
LOAD build/main.o
LOAD build/bldc.o
LOAD build/eeprom.o
LOAD build/hd44780.o
LOAD build/pcf8574.o
LOAD build/stm32f1xx_it.o
LOAD build/BLDC_controller_data.o
LOAD build/BLDC_controller.o
LOAD build/startup_stm32f103xe.o
LOAD /opt/homebrew/Cellar/arm-none-eabi-gcc/10.3-2021.10/gcc/bin/../lib/gcc/arm-none-eabi/10.3.1/../../../../arm-none-eabi/lib/thumb/v7-m/nofp/libc_nano.a
LOAD /opt/homebrew/Cellar/arm-none-eabi-gcc/10.3-2021.10/gcc/bin/../lib/gcc/arm-none-eabi/10.3.1/../../../../arm-none-eabi/lib/thumb/v7-m/nofp/libm.a
LOAD /opt/homebrew/Cellar/arm-none-eabi-gcc/10.3-2021.10/gcc/bin/../lib/gcc/arm-none-eabi/10.3.1/../../../../arm-none-eabi/lib/thumb/v7-m/nofp/libnosys.a
START GROUP
LOAD /opt/homebrew/Cellar/arm-none-eabi-gcc/10.3-2021.10/gcc/bin/../lib/gcc/arm-none-eabi/10.3.1/thumb/v7-m/nofp/libgcc.a
LOAD /opt/homebrew/Cellar/arm-none-eabi-gcc/10.3-2021.10/gcc/bin/../lib/gcc/arm-none-eabi/10.3.1/../../../../arm-none-eabi/lib/thumb/v7-m/nofp/libc_nano.a
END GROUP
START GROUP
LOAD /opt/homebrew/Cellar/arm-none-eabi-gcc/10.3-2021.10/gcc/bin/../lib/gcc/arm-none-eabi/10.3.1/thumb/v7-m/nofp/libgcc.a
LOAD /opt/homebrew/Cellar/arm-none-eabi-gcc/10.3-2021.10/gcc/bin/../lib/gcc/arm-none-eabi/10.3.1/../../../../arm-none-eabi/lib/thumb/v7-m/nofp/libc_nano.a
END GROUP
LOAD /opt/homebrew/Cellar/arm-none-eabi-gcc/10.3-2021.10/gcc/bin/../lib/gcc/arm-none-eabi/10.3.1/thumb/v7-m/nofp/crtend.o
LOAD /opt/homebrew/Cellar/arm-none-eabi-gcc/10.3-2021.10/gcc/bin/../lib/gcc/arm-none-eabi/10.3.1/thumb/v7-m/nofp/crtn.o
                0x000000002000c000                _estack = 0x2000c000
                0x0000000000000200                _Min_Heap_Size = 0x200
                0x0000000000000400                _Min_Stack_Size = 0x400

.isr_vector     0x0000000008000000      0x1e4
                0x0000000008000000                . = ALIGN (0x4)
 *(.isr_vector)
 .isr_vector    0x0000000008000000      0x1e4 build/startup_stm32f103xe.o
                0x0000000008000000                g_pfnVectors
                0x00000000080001e4                . = ALIGN (0x4)

.text           0x00000000080001e4     0x7164
                0x00000000080001e4                . = ALIGN (0x4)
 *(.text)
 .text          0x00000000080001e4       0x40 /opt/homebrew/Cellar/arm-none-eabi-gcc/10.3-2021.10/gcc/bin/../lib/gcc/arm-none-eabi/10.3.1/thumb/v7-m/nofp/crtbegin.o
 *(.text*)
 .text.FLASH_Program_HalfWord
                0x0000000008000224       0x1c build/stm32f1xx_hal_flash.o
 .text.FLASH_SetErrorCode
                0x0000000008000240       0x70 build/stm32f1xx_hal_flash.o
 .text.HAL_FLASH_Unlock
                0x00000000080002b0       0x28 build/stm32f1xx_hal_flash.o
                0x00000000080002b0                HAL_FLASH_Unlock
 .text.HAL_FLASH_Lock
                0x00000000080002d8       0x14 build/stm32f1xx_hal_flash.o
                0x00000000080002d8                HAL_FLASH_Lock
 .text.FLASH_WaitForLastOperation
                0x00000000080002ec       0x68 build/stm32f1xx_hal_flash.o
                0x00000000080002ec                FLASH_WaitForLastOperation
 .text.HAL_FLASH_Program
                0x0000000008000354       0xa0 build/stm32f1xx_hal_flash.o
                0x0000000008000354                HAL_FLASH_Program
 .text.RCC_Delay
                0x00000000080003f4       0x2c build/stm32f1xx_hal_rcc.o
 .text.HAL_RCC_OscConfig
                0x0000000008000420      0x3e0 build/stm32f1xx_hal_rcc.o
                0x0000000008000420                HAL_RCC_OscConfig
 .text.HAL_RCC_GetSysClockFreq
                0x0000000008000800       0x70 build/stm32f1xx_hal_rcc.o
                0x0000000008000800                HAL_RCC_GetSysClockFreq
 .text.HAL_RCC_ClockConfig
                0x0000000008000870      0x17c build/stm32f1xx_hal_rcc.o
                0x0000000008000870                HAL_RCC_ClockConfig
 .text.HAL_RCC_GetHCLKFreq
                0x00000000080009ec        0xc build/stm32f1xx_hal_rcc.o
                0x00000000080009ec                HAL_RCC_GetHCLKFreq
 .text.HAL_RCC_GetPCLK1Freq
                0x00000000080009f8       0x20 build/stm32f1xx_hal_rcc.o
                0x00000000080009f8                HAL_RCC_GetPCLK1Freq
 .text.HAL_RCC_GetPCLK2Freq
                0x0000000008000a18       0x20 build/stm32f1xx_hal_rcc.o
                0x0000000008000a18                HAL_RCC_GetPCLK2Freq
 .text.TIM_OC1_SetConfig
                0x0000000008000a38       0x68 build/stm32f1xx_hal_tim.o
 .text.TIM_OC3_SetConfig
                0x0000000008000aa0       0x70 build/stm32f1xx_hal_tim.o
 .text.TIM_OC4_SetConfig
                0x0000000008000b10       0x50 build/stm32f1xx_hal_tim.o
 .text.TIM_TI1_ConfigInputStage
                0x0000000008000b60       0x24 build/stm32f1xx_hal_tim.o
 .text.TIM_TI2_ConfigInputStage
                0x0000000008000b84       0x26 build/stm32f1xx_hal_tim.o
 .text.TIM_ETR_SetConfig
                0x0000000008000baa       0x18 build/stm32f1xx_hal_tim.o
 .text.TIM_SlaveTimer_SetConfig
                0x0000000008000bc2       0x74 build/stm32f1xx_hal_tim.o
 .text.HAL_TIM_PWM_MspInit
                0x0000000008000c36        0x2 build/stm32f1xx_hal_tim.o
                0x0000000008000c36                HAL_TIM_PWM_MspInit
 .text.HAL_TIM_SlaveConfigSynchronization
                0x0000000008000c38       0x40 build/stm32f1xx_hal_tim.o
                0x0000000008000c38                HAL_TIM_SlaveConfigSynchronization
 .text.TIM_Base_SetConfig
                0x0000000008000c78       0x98 build/stm32f1xx_hal_tim.o
                0x0000000008000c78                TIM_Base_SetConfig
 .text.HAL_TIM_PWM_Init
                0x0000000008000d10       0x34 build/stm32f1xx_hal_tim.o
                0x0000000008000d10                HAL_TIM_PWM_Init
 .text.TIM_OC2_SetConfig
                0x0000000008000d44       0x70 build/stm32f1xx_hal_tim.o
                0x0000000008000d44                TIM_OC2_SetConfig
 .text.HAL_TIM_PWM_ConfigChannel
                0x0000000008000db4       0xdc build/stm32f1xx_hal_tim.o
                0x0000000008000db4                HAL_TIM_PWM_ConfigChannel
 .text.TIM_CCxChannelCmd
                0x0000000008000e90       0x1a build/stm32f1xx_hal_tim.o
                0x0000000008000e90                TIM_CCxChannelCmd
 *fill*         0x0000000008000eaa        0x2 
 .text.HAL_TIM_PWM_Start
                0x0000000008000eac       0x38 build/stm32f1xx_hal_tim.o
                0x0000000008000eac                HAL_TIM_PWM_Start
 .text.TIM_CCxNChannelCmd
                0x0000000008000ee4       0x1a build/stm32f1xx_hal_tim_ex.o
 .text.HAL_TIMEx_PWMN_Start
                0x0000000008000efe       0x24 build/stm32f1xx_hal_tim_ex.o
                0x0000000008000efe                HAL_TIMEx_PWMN_Start
 .text.HAL_TIMEx_ConfigBreakDeadTime
                0x0000000008000f22       0x58 build/stm32f1xx_hal_tim_ex.o
                0x0000000008000f22                HAL_TIMEx_ConfigBreakDeadTime
 .text.HAL_TIMEx_MasterConfigSynchronization
                0x0000000008000f7a       0x52 build/stm32f1xx_hal_tim_ex.o
                0x0000000008000f7a                HAL_TIMEx_MasterConfigSynchronization
 .text.HAL_ADCEx_MultiModeConfigChannel
                0x0000000008000fcc       0x60 build/stm32f1xx_hal_adc_ex.o
                0x0000000008000fcc                HAL_ADCEx_MultiModeConfigChannel
 .text.HAL_NVIC_SetPriorityGrouping
                0x000000000800102c       0x24 build/stm32f1xx_hal_cortex.o
                0x000000000800102c                HAL_NVIC_SetPriorityGrouping
 .text.HAL_NVIC_SetPriority
                0x0000000008001050       0x70 build/stm32f1xx_hal_cortex.o
                0x0000000008001050                HAL_NVIC_SetPriority
 .text.HAL_NVIC_EnableIRQ
                0x00000000080010c0       0x18 build/stm32f1xx_hal_cortex.o
                0x00000000080010c0                HAL_NVIC_EnableIRQ
 .text.HAL_SYSTICK_Config
                0x00000000080010d8       0x28 build/stm32f1xx_hal_cortex.o
                0x00000000080010d8                HAL_SYSTICK_Config
 .text.HAL_SYSTICK_CLKSourceConfig
                0x0000000008001100       0x20 build/stm32f1xx_hal_cortex.o
                0x0000000008001100                HAL_SYSTICK_CLKSourceConfig
 .text.HAL_SYSTICK_Callback
                0x0000000008001120        0x2 build/stm32f1xx_hal_cortex.o
                0x0000000008001120                HAL_SYSTICK_Callback
 .text.HAL_SYSTICK_IRQHandler
                0x0000000008001122        0x8 build/stm32f1xx_hal_cortex.o
                0x0000000008001122                HAL_SYSTICK_IRQHandler
 *fill*         0x000000000800112a        0x2 
 .text.FLASH_MassErase
                0x000000000800112c       0x24 build/stm32f1xx_hal_flash_ex.o
 .text.FLASH_PageErase
                0x0000000008001150       0x24 build/stm32f1xx_hal_flash_ex.o
                0x0000000008001150                FLASH_PageErase
 .text.HAL_FLASHEx_Erase
                0x0000000008001174       0xa4 build/stm32f1xx_hal_flash_ex.o
                0x0000000008001174                HAL_FLASHEx_Erase
 .text.HAL_GPIO_Init
                0x0000000008001218      0x240 build/stm32f1xx_hal_gpio.o
                0x0000000008001218                HAL_GPIO_Init
 .text.HAL_GPIO_ReadPin
                0x0000000008001458        0xe build/stm32f1xx_hal_gpio.o
                0x0000000008001458                HAL_GPIO_ReadPin
 .text.HAL_GPIO_WritePin
                0x0000000008001466        0xc build/stm32f1xx_hal_gpio.o
                0x0000000008001466                HAL_GPIO_WritePin
 .text.HAL_GPIO_TogglePin
                0x0000000008001472        0x8 build/stm32f1xx_hal_gpio.o
                0x0000000008001472                HAL_GPIO_TogglePin
 *fill*         0x000000000800147a        0x2 
 .text.HAL_RCCEx_PeriphCLKConfig
                0x000000000800147c      0x118 build/stm32f1xx_hal_rcc_ex.o
                0x000000000800147c                HAL_RCCEx_PeriphCLKConfig
 .text.HAL_MspInit
                0x0000000008001594        0x2 build/stm32f1xx_hal.o
                0x0000000008001594                HAL_MspInit
 *fill*         0x0000000008001596        0x2 
 .text.HAL_InitTick
                0x0000000008001598       0x2c build/stm32f1xx_hal.o
                0x0000000008001598                HAL_InitTick
 .text.HAL_Init
                0x00000000080015c4       0x24 build/stm32f1xx_hal.o
                0x00000000080015c4                HAL_Init
 .text.HAL_IncTick
                0x00000000080015e8       0x10 build/stm32f1xx_hal.o
                0x00000000080015e8                HAL_IncTick
 .text.HAL_GetTick
                0x00000000080015f8        0xc build/stm32f1xx_hal.o
                0x00000000080015f8                HAL_GetTick
 .text.HAL_Delay
                0x0000000008001604       0x24 build/stm32f1xx_hal.o
                0x0000000008001604                HAL_Delay
 .text.HAL_ADC_MspInit
                0x0000000008001628        0x2 build/stm32f1xx_hal_adc.o
                0x0000000008001628                HAL_ADC_MspInit
 *fill*         0x000000000800162a        0x2 
 .text.HAL_ADC_ConfigChannel
                0x000000000800162c      0x144 build/stm32f1xx_hal_adc.o
                0x000000000800162c                HAL_ADC_ConfigChannel
 .text.ADC_Enable
                0x0000000008001770       0x80 build/stm32f1xx_hal_adc.o
                0x0000000008001770                ADC_Enable
 .text.HAL_ADC_Start
                0x00000000080017f0       0xe8 build/stm32f1xx_hal_adc.o
                0x00000000080017f0                HAL_ADC_Start
 .text.ADC_ConversionStop_Disable
                0x00000000080018d8       0x4c build/stm32f1xx_hal_adc.o
                0x00000000080018d8                ADC_ConversionStop_Disable
 .text.HAL_ADC_Init
                0x0000000008001924      0x124 build/stm32f1xx_hal_adc.o
                0x0000000008001924                HAL_ADC_Init
 .text.UART_EndTxTransfer
                0x0000000008001a48       0x12 build/stm32f1xx_hal_uart.o
 .text.UART_EndRxTransfer
                0x0000000008001a5a       0x1c build/stm32f1xx_hal_uart.o
 .text.UART_Transmit_IT
                0x0000000008001a76       0x66 build/stm32f1xx_hal_uart.o
 .text.UART_SetConfig
                0x0000000008001adc      0x1a4 build/stm32f1xx_hal_uart.o
 .text.HAL_UART_Init
                0x0000000008001c80       0x5e build/stm32f1xx_hal_uart.o
                0x0000000008001c80                HAL_UART_Init
 *fill*         0x0000000008001cde        0x2 
 .text.HAL_UART_Transmit_DMA
                0x0000000008001ce0       0x8c build/stm32f1xx_hal_uart.o
                0x0000000008001ce0                HAL_UART_Transmit_DMA
 .text.HAL_UART_Receive_DMA
                0x0000000008001d6c       0xa8 build/stm32f1xx_hal_uart.o
                0x0000000008001d6c                HAL_UART_Receive_DMA
 .text.HAL_UART_TxCpltCallback
                0x0000000008001e14        0x2 build/stm32f1xx_hal_uart.o
                0x0000000008001e14                HAL_UART_TxCpltCallback
 .text.UART_DMATransmitCplt
                0x0000000008001e16       0x30 build/stm32f1xx_hal_uart.o
 .text.UART_EndTransmit_IT
                0x0000000008001e46       0x1a build/stm32f1xx_hal_uart.o
 .text.HAL_UART_TxHalfCpltCallback
                0x0000000008001e60        0x2 build/stm32f1xx_hal_uart.o
                0x0000000008001e60                HAL_UART_TxHalfCpltCallback
 .text.UART_DMATxHalfCplt
                0x0000000008001e62        0xa build/stm32f1xx_hal_uart.o
 .text.HAL_UART_RxCpltCallback
                0x0000000008001e6c        0x2 build/stm32f1xx_hal_uart.o
                0x0000000008001e6c                HAL_UART_RxCpltCallback
 .text.UART_DMAReceiveCplt
                0x0000000008001e6e       0x3e build/stm32f1xx_hal_uart.o
 .text.UART_Receive_IT
                0x0000000008001eac       0x9e build/stm32f1xx_hal_uart.o
 .text.HAL_UART_RxHalfCpltCallback
                0x0000000008001f4a        0x2 build/stm32f1xx_hal_uart.o
                0x0000000008001f4a                HAL_UART_RxHalfCpltCallback
 .text.UART_DMARxHalfCplt
                0x0000000008001f4c        0xa build/stm32f1xx_hal_uart.o
 .text.HAL_UART_ErrorCallback
                0x0000000008001f56        0x2 build/stm32f1xx_hal_uart.o
                0x0000000008001f56                HAL_UART_ErrorCallback
 .text.UART_DMAError
                0x0000000008001f58       0x58 build/stm32f1xx_hal_uart.o
 .text.HAL_UART_IRQHandler
                0x0000000008001fb0      0x120 build/stm32f1xx_hal_uart.o
                0x0000000008001fb0                HAL_UART_IRQHandler
 .text.UART_DMAAbortOnError
                0x00000000080020d0       0x10 build/stm32f1xx_hal_uart.o
 .text.DMA_SetConfig
                0x00000000080020e0       0x2c build/stm32f1xx_hal_dma.o
 .text.HAL_DMA_Init
                0x000000000800210c       0xa0 build/stm32f1xx_hal_dma.o
                0x000000000800210c                HAL_DMA_Init
 .text.HAL_DMA_Start_IT
                0x00000000080021ac       0x74 build/stm32f1xx_hal_dma.o
                0x00000000080021ac                HAL_DMA_Start_IT
 .text.HAL_DMA_Abort_IT
                0x0000000008002220      0x168 build/stm32f1xx_hal_dma.o
                0x0000000008002220                HAL_DMA_Abort_IT
 .text.HAL_DMA_IRQHandler
                0x0000000008002388      0x2ec build/stm32f1xx_hal_dma.o
                0x0000000008002388                HAL_DMA_IRQHandler
 .text.SystemInit
                0x0000000008002674       0x4c build/system_stm32f1xx.o
                0x0000000008002674                SystemInit
 .text.UART2_Init
                0x00000000080026c0       0x6c build/setup.o
                0x00000000080026c0                UART2_Init
 .text.HAL_UART_MspInit
                0x000000000800272c      0x1b8 build/setup.o
                0x000000000800272c                HAL_UART_MspInit
 .text.MX_GPIO_Init
                0x00000000080028e4      0x22c build/setup.o
                0x00000000080028e4                MX_GPIO_Init
 .text.MX_TIM_Init
                0x0000000008002b10      0x208 build/setup.o
                0x0000000008002b10                MX_TIM_Init
 .text.MX_ADC1_Init
                0x0000000008002d18      0x130 build/setup.o
                0x0000000008002d18                MX_ADC1_Init
 .text.MX_ADC2_Init
                0x0000000008002e48       0xb0 build/setup.o
                0x0000000008002e48                MX_ADC2_Init
 .text.BLDC_Init
                0x0000000008002ef8       0xac build/util.o
                0x0000000008002ef8                BLDC_Init
 .text.Input_Lim_Init
                0x0000000008002fa4       0x44 build/util.o
                0x0000000008002fa4                Input_Lim_Init
 .text.UART_DisableRxErrors
                0x0000000008002fe8       0x16 build/util.o
                0x0000000008002fe8                UART_DisableRxErrors
 *fill*         0x0000000008002ffe        0x2 
 .text.poweronMelody
                0x0000000008003000       0x2c build/util.o
                0x0000000008003000                poweronMelody
 .text.beepCount
                0x000000000800302c       0x1c build/util.o
                0x000000000800302c                beepCount
 .text.beepLong
                0x0000000008003048       0x20 build/util.o
                0x0000000008003048                beepLong
 .text.beepShort
                0x0000000008003068       0x20 build/util.o
                0x0000000008003068                beepShort
 .text.calcAvgSpeed
                0x0000000008003088       0x40 build/util.o
                0x0000000008003088                calcAvgSpeed
 .text.checkInputType
                0x00000000080030c8       0x5c build/util.o
                0x00000000080030c8                checkInputType
 .text.Input_Init
                0x0000000008003124      0x240 build/util.o
                0x0000000008003124                Input_Init
 .text.calcInputCmd
                0x0000000008003364       0xb0 build/util.o
                0x0000000008003364                calcInputCmd
 .text.readInputRaw
                0x0000000008003414       0x38 build/util.o
                0x0000000008003414                readInputRaw
 .text.handleTimeout
                0x000000000800344c       0xa8 build/util.o
                0x000000000800344c                handleTimeout
 .text.readCommand
                0x00000000080034f4       0x58 build/util.o
                0x00000000080034f4                readCommand
 .text.usart_process_command
                0x000000000800354c       0x4c build/util.o
                0x000000000800354c                usart_process_command
 .text.usart2_rx_check
                0x0000000008003598       0x94 build/util.o
                0x0000000008003598                usart2_rx_check
 .text.sideboardLeds
                0x000000000800362c        0x2 build/util.o
                0x000000000800362c                sideboardLeds
 *fill*         0x000000000800362e        0x2 
 .text.saveConfig
                0x0000000008003630       0xfc build/util.o
                0x0000000008003630                saveConfig
 .text.poweroff
                0x000000000800372c       0x48 build/util.o
                0x000000000800372c                poweroff
 .text.filtLowPass32
                0x0000000008003774       0x46 build/util.o
                0x0000000008003774                filtLowPass32
 *fill*         0x00000000080037ba        0x2 
 .text.adcCalibLim
                0x00000000080037bc      0x16c build/util.o
                0x00000000080037bc                adcCalibLim
 .text.updateCurSpdLim
                0x0000000008003928      0x170 build/util.o
                0x0000000008003928                updateCurSpdLim
 .text.poweroffPressCheck
                0x0000000008003a98       0xa0 build/util.o
                0x0000000008003a98                poweroffPressCheck
 .text.rateLimiter16
                0x0000000008003b38       0x1e build/util.o
                0x0000000008003b38                rateLimiter16
 *fill*         0x0000000008003b56        0x2 
 .text.mixerFcn
                0x0000000008003b58       0x7c build/util.o
                0x0000000008003b58                mixerFcn
 .text.SystemClock_Config
                0x0000000008003bd4       0x74 build/main.o
                0x0000000008003bd4                SystemClock_Config
 .text.main     0x0000000008003c48      0x4b4 build/main.o
                0x0000000008003c48                main
 .text.DMA1_Channel1_IRQHandler
                0x00000000080040fc      0x504 build/bldc.o
                0x00000000080040fc                DMA1_Channel1_IRQHandler
 .text.EE_VerifyPageFullyErased
                0x0000000008004600       0x24 build/eeprom.o
 .text.EE_FindValidPage
                0x0000000008004624       0x50 build/eeprom.o
 .text.EE_VerifyPageFullWriteVariable
                0x0000000008004674       0x5c build/eeprom.o
 .text.EE_Format
                0x00000000080046d0       0x60 build/eeprom.o
 .text.EE_ReadVariable
                0x0000000008004730       0x4c build/eeprom.o
                0x0000000008004730                EE_ReadVariable
 .text.EE_Init  0x000000000800477c      0x250 build/eeprom.o
                0x000000000800477c                EE_Init
 .text.EE_PageTransfer
                0x00000000080049cc       0xcc build/eeprom.o
 .text.EE_WriteVariable
                0x0000000008004a98       0x1a build/eeprom.o
                0x0000000008004a98                EE_WriteVariable
 .text.NMI_Handler
                0x0000000008004ab2        0x2 build/stm32f1xx_it.o
                0x0000000008004ab2                NMI_Handler
 .text.HardFault_Handler
                0x0000000008004ab4        0x2 build/stm32f1xx_it.o
                0x0000000008004ab4                HardFault_Handler
 .text.MemManage_Handler
                0x0000000008004ab6        0x2 build/stm32f1xx_it.o
                0x0000000008004ab6                MemManage_Handler
 .text.BusFault_Handler
                0x0000000008004ab8        0x2 build/stm32f1xx_it.o
                0x0000000008004ab8                BusFault_Handler
 .text.UsageFault_Handler
                0x0000000008004aba        0x2 build/stm32f1xx_it.o
                0x0000000008004aba                UsageFault_Handler
 .text.SVC_Handler
                0x0000000008004abc        0x2 build/stm32f1xx_it.o
                0x0000000008004abc                SVC_Handler
 .text.DebugMon_Handler
                0x0000000008004abe        0x2 build/stm32f1xx_it.o
                0x0000000008004abe                DebugMon_Handler
 .text.PendSV_Handler
                0x0000000008004ac0        0x2 build/stm32f1xx_it.o
                0x0000000008004ac0                PendSV_Handler
 .text.SysTick_Handler
                0x0000000008004ac2        0xc build/stm32f1xx_it.o
                0x0000000008004ac2                SysTick_Handler
 *fill*         0x0000000008004ace        0x2 
 .text.DMA1_Channel6_IRQHandler
                0x0000000008004ad0       0x10 build/stm32f1xx_it.o
                0x0000000008004ad0                DMA1_Channel6_IRQHandler
 .text.DMA1_Channel7_IRQHandler
                0x0000000008004ae0       0x10 build/stm32f1xx_it.o
                0x0000000008004ae0                DMA1_Channel7_IRQHandler
 .text.USART2_IRQHandler
                0x0000000008004af0       0x34 build/stm32f1xx_it.o
                0x0000000008004af0                USART2_IRQHandler
 .text.plook_u8s16_evencka
                0x0000000008004b24       0x1c build/BLDC_controller.o
                0x0000000008004b24                plook_u8s16_evencka
 .text.plook_u8u16_evencka
                0x0000000008004b40       0x1c build/BLDC_controller.o
                0x0000000008004b40                plook_u8u16_evencka
 .text.div_nde_s32_floor
                0x0000000008004b5c       0x22 build/BLDC_controller.o
                0x0000000008004b5c                div_nde_s32_floor
 .text.Counter_Init
                0x0000000008004b7e        0x4 build/BLDC_controller.o
                0x0000000008004b7e                Counter_Init
 .text.Counter  0x0000000008004b82       0x1a build/BLDC_controller.o
                0x0000000008004b82                Counter
 .text.Low_Pass_Filter_Reset
                0x0000000008004b9c        0x8 build/BLDC_controller.o
                0x0000000008004b9c                Low_Pass_Filter_Reset
 .text.Low_Pass_Filter
                0x0000000008004ba4       0x5c build/BLDC_controller.o
                0x0000000008004ba4                Low_Pass_Filter
 .text.Counter_b_Init
                0x0000000008004c00        0x4 build/BLDC_controller.o
                0x0000000008004c00                Counter_b_Init
 .text.Counter_n
                0x0000000008004c04       0x20 build/BLDC_controller.o
                0x0000000008004c04                Counter_n
 .text.either_edge
                0x0000000008004c24        0xe build/BLDC_controller.o
                0x0000000008004c24                either_edge
 .text.Debounce_Filter_Init
                0x0000000008004c32       0x16 build/BLDC_controller.o
                0x0000000008004c32                Debounce_Filter_Init
 .text.Debounce_Filter
                0x0000000008004c48       0x8c build/BLDC_controller.o
                0x0000000008004c48                Debounce_Filter
 .text.I_backCalc_fixdt_Init
                0x0000000008004cd4        0x4 build/BLDC_controller.o
                0x0000000008004cd4                I_backCalc_fixdt_Init
 .text.I_backCalc_fixdt_Reset
                0x0000000008004cd8        0x8 build/BLDC_controller.o
                0x0000000008004cd8                I_backCalc_fixdt_Reset
 .text.I_backCalc_fixdt
                0x0000000008004ce0       0x72 build/BLDC_controller.o
                0x0000000008004ce0                I_backCalc_fixdt
 .text.PI_clamp_fixdt_Init
                0x0000000008004d52        0x6 build/BLDC_controller.o
                0x0000000008004d52                PI_clamp_fixdt_Init
 .text.PI_clamp_fixdt_Reset
                0x0000000008004d58        0xa build/BLDC_controller.o
                0x0000000008004d58                PI_clamp_fixdt_Reset
 *fill*         0x0000000008004d62        0x2 
 .text.PI_clamp_fixdt
                0x0000000008004d64       0xf4 build/BLDC_controller.o
                0x0000000008004d64                PI_clamp_fixdt
 .text.PI_clamp_fixdt_d_Init
                0x0000000008004e58        0x6 build/BLDC_controller.o
                0x0000000008004e58                PI_clamp_fixdt_d_Init
 .text.PI_clamp_fixdt_b_Reset
                0x0000000008004e5e        0xa build/BLDC_controller.o
                0x0000000008004e5e                PI_clamp_fixdt_b_Reset
 .text.PI_clamp_fixdt_l
                0x0000000008004e68       0xf8 build/BLDC_controller.o
                0x0000000008004e68                PI_clamp_fixdt_l
 .text.PI_clamp_fixdt_f_Init
                0x0000000008004f60        0x6 build/BLDC_controller.o
                0x0000000008004f60                PI_clamp_fixdt_f_Init
 .text.PI_clamp_fixdt_g_Reset
                0x0000000008004f66        0xa build/BLDC_controller.o
                0x0000000008004f66                PI_clamp_fixdt_g_Reset
 .text.PI_clamp_fixdt_k
                0x0000000008004f70      0x108 build/BLDC_controller.o
                0x0000000008004f70                PI_clamp_fixdt_k
 .text.BLDC_controller_step
                0x0000000008005078     0x1194 build/BLDC_controller.o
                0x0000000008005078                BLDC_controller_step
 .text.BLDC_controller_initialize
                0x000000000800620c       0xc0 build/BLDC_controller.o
                0x000000000800620c                BLDC_controller_initialize
 .text.Reset_Handler
                0x00000000080062cc       0x48 build/startup_stm32f103xe.o
                0x00000000080062cc                Reset_Handler
 .text.Default_Handler
                0x0000000008006314        0x2 build/startup_stm32f103xe.o
                0x0000000008006314                DMA2_Channel3_IRQHandler
                0x0000000008006314                EXTI2_IRQHandler
                0x0000000008006314                TIM8_TRG_COM_IRQHandler
                0x0000000008006314                TIM8_CC_IRQHandler
                0x0000000008006314                TIM1_CC_IRQHandler
                0x0000000008006314                TIM6_IRQHandler
                0x0000000008006314                PVD_IRQHandler
                0x0000000008006314                SDIO_IRQHandler
                0x0000000008006314                EXTI3_IRQHandler
                0x0000000008006314                EXTI0_IRQHandler
                0x0000000008006314                I2C2_EV_IRQHandler
                0x0000000008006314                ADC1_2_IRQHandler
                0x0000000008006314                SPI1_IRQHandler
                0x0000000008006314                TAMPER_IRQHandler
                0x0000000008006314                TIM8_UP_IRQHandler
                0x0000000008006314                DMA2_Channel2_IRQHandler
                0x0000000008006314                DMA1_Channel4_IRQHandler
                0x0000000008006314                USART3_IRQHandler
                0x0000000008006314                RTC_IRQHandler
                0x0000000008006314                CAN1_RX1_IRQHandler
                0x0000000008006314                UART5_IRQHandler
                0x0000000008006314                ADC3_IRQHandler
                0x0000000008006314                TIM4_IRQHandler
                0x0000000008006314                DMA2_Channel1_IRQHandler
                0x0000000008006314                I2C1_EV_IRQHandler
                0x0000000008006314                UART4_IRQHandler
                0x0000000008006314                TIM3_IRQHandler
                0x0000000008006314                RCC_IRQHandler
                0x0000000008006314                TIM1_TRG_COM_IRQHandler
                0x0000000008006314                Default_Handler
                0x0000000008006314                EXTI15_10_IRQHandler
                0x0000000008006314                TIM7_IRQHandler
                0x0000000008006314                TIM5_IRQHandler
                0x0000000008006314                EXTI9_5_IRQHandler
                0x0000000008006314                SPI2_IRQHandler
                0x0000000008006314                DMA1_Channel5_IRQHandler
                0x0000000008006314                EXTI4_IRQHandler
                0x0000000008006314                USB_LP_CAN1_RX0_IRQHandler
                0x0000000008006314                USB_HP_CAN1_TX_IRQHandler
                0x0000000008006314                DMA1_Channel3_IRQHandler
                0x0000000008006314                FSMC_IRQHandler
                0x0000000008006314                TIM1_UP_IRQHandler
                0x0000000008006314                WWDG_IRQHandler
                0x0000000008006314                TIM2_IRQHandler
                0x0000000008006314                TIM1_BRK_IRQHandler
                0x0000000008006314                EXTI1_IRQHandler
                0x0000000008006314                DMA2_Channel4_5_IRQHandler
                0x0000000008006314                I2C2_ER_IRQHandler
                0x0000000008006314                DMA1_Channel2_IRQHandler
                0x0000000008006314                TIM8_BRK_IRQHandler
                0x0000000008006314                CAN1_SCE_IRQHandler
                0x0000000008006314                FLASH_IRQHandler
                0x0000000008006314                USART1_IRQHandler
                0x0000000008006314                SPI3_IRQHandler
                0x0000000008006314                I2C1_ER_IRQHandler
                0x0000000008006314                USBWakeUp_IRQHandler
                0x0000000008006314                RTC_Alarm_IRQHandler
 *fill*         0x0000000008006316        0x2 
 .text.__libc_init_array
                0x0000000008006318       0x48 /opt/homebrew/Cellar/arm-none-eabi-gcc/10.3-2021.10/gcc/bin/../lib/gcc/arm-none-eabi/10.3.1/../../../../arm-none-eabi/lib/thumb/v7-m/nofp/libc_nano.a(lib_a-init.o)
                0x0000000008006318                __libc_init_array
 .text.memcpy   0x0000000008006360       0x1c /opt/homebrew/Cellar/arm-none-eabi-gcc/10.3-2021.10/gcc/bin/../lib/gcc/arm-none-eabi/10.3.1/../../../../arm-none-eabi/lib/thumb/v7-m/nofp/libc_nano.a(lib_a-memcpy-stub.o)
                0x0000000008006360                memcpy
 .text.memset   0x000000000800637c       0x10 /opt/homebrew/Cellar/arm-none-eabi-gcc/10.3-2021.10/gcc/bin/../lib/gcc/arm-none-eabi/10.3.1/../../../../arm-none-eabi/lib/thumb/v7-m/nofp/libc_nano.a(lib_a-memset.o)
                0x000000000800637c                memset
 .text.printf   0x000000000800638c       0x30 /opt/homebrew/Cellar/arm-none-eabi-gcc/10.3-2021.10/gcc/bin/../lib/gcc/arm-none-eabi/10.3.1/../../../../arm-none-eabi/lib/thumb/v7-m/nofp/libc_nano.a(lib_a-printf.o)
                0x000000000800638c                printf
                0x000000000800638c                iprintf
 .text.std      0x00000000080063bc       0x48 /opt/homebrew/Cellar/arm-none-eabi-gcc/10.3-2021.10/gcc/bin/../lib/gcc/arm-none-eabi/10.3.1/../../../../arm-none-eabi/lib/thumb/v7-m/nofp/libc_nano.a(lib_a-findfp.o)
 .text._cleanup_r
                0x0000000008006404        0xc /opt/homebrew/Cellar/arm-none-eabi-gcc/10.3-2021.10/gcc/bin/../lib/gcc/arm-none-eabi/10.3.1/../../../../arm-none-eabi/lib/thumb/v7-m/nofp/libc_nano.a(lib_a-findfp.o)
                0x0000000008006404                _cleanup_r
 .text.__sfmoreglue
                0x0000000008006410       0x2c /opt/homebrew/Cellar/arm-none-eabi-gcc/10.3-2021.10/gcc/bin/../lib/gcc/arm-none-eabi/10.3.1/../../../../arm-none-eabi/lib/thumb/v7-m/nofp/libc_nano.a(lib_a-findfp.o)
                0x0000000008006410                __sfmoreglue
 .text.__sfp_lock_acquire
                0x000000000800643c        0xc /opt/homebrew/Cellar/arm-none-eabi-gcc/10.3-2021.10/gcc/bin/../lib/gcc/arm-none-eabi/10.3.1/../../../../arm-none-eabi/lib/thumb/v7-m/nofp/libc_nano.a(lib_a-findfp.o)
                0x000000000800643c                __sfp_lock_acquire
 .text.__sfp_lock_release
                0x0000000008006448        0xc /opt/homebrew/Cellar/arm-none-eabi-gcc/10.3-2021.10/gcc/bin/../lib/gcc/arm-none-eabi/10.3.1/../../../../arm-none-eabi/lib/thumb/v7-m/nofp/libc_nano.a(lib_a-findfp.o)
                0x0000000008006448                __sfp_lock_release
 .text.__sinit_lock_acquire
                0x0000000008006454        0xc /opt/homebrew/Cellar/arm-none-eabi-gcc/10.3-2021.10/gcc/bin/../lib/gcc/arm-none-eabi/10.3.1/../../../../arm-none-eabi/lib/thumb/v7-m/nofp/libc_nano.a(lib_a-findfp.o)
                0x0000000008006454                __sinit_lock_acquire
 .text.__sinit_lock_release
                0x0000000008006460        0xc /opt/homebrew/Cellar/arm-none-eabi-gcc/10.3-2021.10/gcc/bin/../lib/gcc/arm-none-eabi/10.3.1/../../../../arm-none-eabi/lib/thumb/v7-m/nofp/libc_nano.a(lib_a-findfp.o)
                0x0000000008006460                __sinit_lock_release
 .text.__sinit  0x000000000800646c       0x70 /opt/homebrew/Cellar/arm-none-eabi-gcc/10.3-2021.10/gcc/bin/../lib/gcc/arm-none-eabi/10.3.1/../../../../arm-none-eabi/lib/thumb/v7-m/nofp/libc_nano.a(lib_a-findfp.o)
                0x000000000800646c                __sinit
 .text.__sfp    0x00000000080064dc       0x8c /opt/homebrew/Cellar/arm-none-eabi-gcc/10.3-2021.10/gcc/bin/../lib/gcc/arm-none-eabi/10.3.1/../../../../arm-none-eabi/lib/thumb/v7-m/nofp/libc_nano.a(lib_a-findfp.o)
                0x00000000080064dc                __sfp
 .text._fwalk_reent
                0x0000000008006568       0x3e /opt/homebrew/Cellar/arm-none-eabi-gcc/10.3-2021.10/gcc/bin/../lib/gcc/arm-none-eabi/10.3.1/../../../../arm-none-eabi/lib/thumb/v7-m/nofp/libc_nano.a(lib_a-fwalk.o)
                0x0000000008006568                _fwalk_reent
 .text.__retarget_lock_init_recursive
                0x00000000080065a6        0x2 /opt/homebrew/Cellar/arm-none-eabi-gcc/10.3-2021.10/gcc/bin/../lib/gcc/arm-none-eabi/10.3.1/../../../../arm-none-eabi/lib/thumb/v7-m/nofp/libc_nano.a(lib_a-lock.o)
                0x00000000080065a6                __retarget_lock_init_recursive
 .text.__retarget_lock_acquire_recursive
                0x00000000080065a8        0x2 /opt/homebrew/Cellar/arm-none-eabi-gcc/10.3-2021.10/gcc/bin/../lib/gcc/arm-none-eabi/10.3.1/../../../../arm-none-eabi/lib/thumb/v7-m/nofp/libc_nano.a(lib_a-lock.o)
                0x00000000080065a8                __retarget_lock_acquire_recursive
 .text.__retarget_lock_release_recursive
                0x00000000080065aa        0x2 /opt/homebrew/Cellar/arm-none-eabi-gcc/10.3-2021.10/gcc/bin/../lib/gcc/arm-none-eabi/10.3.1/../../../../arm-none-eabi/lib/thumb/v7-m/nofp/libc_nano.a(lib_a-lock.o)
                0x00000000080065aa                __retarget_lock_release_recursive
 .text.sbrk_aligned
                0x00000000080065ac       0x40 /opt/homebrew/Cellar/arm-none-eabi-gcc/10.3-2021.10/gcc/bin/../lib/gcc/arm-none-eabi/10.3.1/../../../../arm-none-eabi/lib/thumb/v7-m/nofp/libc_nano.a(lib_a-nano-mallocr.o)
 .text._malloc_r
                0x00000000080065ec       0xe8 /opt/homebrew/Cellar/arm-none-eabi-gcc/10.3-2021.10/gcc/bin/../lib/gcc/arm-none-eabi/10.3.1/../../../../arm-none-eabi/lib/thumb/v7-m/nofp/libc_nano.a(lib_a-nano-mallocr.o)
                0x00000000080065ec                _malloc_r
 .text.__sfputc_r
                0x00000000080066d4       0x2a /opt/homebrew/Cellar/arm-none-eabi-gcc/10.3-2021.10/gcc/bin/../lib/gcc/arm-none-eabi/10.3.1/../../../../arm-none-eabi/lib/thumb/v7-m/nofp/libc_nano.a(lib_a-nano-vfprintf.o)
 .text.__sfputs_r
                0x00000000080066fe       0x24 /opt/homebrew/Cellar/arm-none-eabi-gcc/10.3-2021.10/gcc/bin/../lib/gcc/arm-none-eabi/10.3.1/../../../../arm-none-eabi/lib/thumb/v7-m/nofp/libc_nano.a(lib_a-nano-vfprintf.o)
                0x00000000080066fe                __sfputs_r
 *fill*         0x0000000008006722        0x2 
 .text._vfprintf_r
                0x0000000008006724      0x260 /opt/homebrew/Cellar/arm-none-eabi-gcc/10.3-2021.10/gcc/bin/../lib/gcc/arm-none-eabi/10.3.1/../../../../arm-none-eabi/lib/thumb/v7-m/nofp/libc_nano.a(lib_a-nano-vfprintf.o)
                0x0000000008006724                _vfiprintf_r
                0x0000000008006724                _vfprintf_r
 .text._printf_common
                0x0000000008006984       0xde /opt/homebrew/Cellar/arm-none-eabi-gcc/10.3-2021.10/gcc/bin/../lib/gcc/arm-none-eabi/10.3.1/../../../../arm-none-eabi/lib/thumb/v7-m/nofp/libc_nano.a(lib_a-nano-vfprintf_i.o)
                0x0000000008006984                _printf_common
 *fill*         0x0000000008006a62        0x2 
 .text._printf_i
                0x0000000008006a64      0x24c /opt/homebrew/Cellar/arm-none-eabi-gcc/10.3-2021.10/gcc/bin/../lib/gcc/arm-none-eabi/10.3.1/../../../../arm-none-eabi/lib/thumb/v7-m/nofp/libc_nano.a(lib_a-nano-vfprintf_i.o)
                0x0000000008006a64                _printf_i
 .text._sbrk_r  0x0000000008006cb0       0x20 /opt/homebrew/Cellar/arm-none-eabi-gcc/10.3-2021.10/gcc/bin/../lib/gcc/arm-none-eabi/10.3.1/../../../../arm-none-eabi/lib/thumb/v7-m/nofp/libc_nano.a(lib_a-sbrkr.o)
                0x0000000008006cb0                _sbrk_r
 .text.__sread  0x0000000008006cd0       0x22 /opt/homebrew/Cellar/arm-none-eabi-gcc/10.3-2021.10/gcc/bin/../lib/gcc/arm-none-eabi/10.3.1/../../../../arm-none-eabi/lib/thumb/v7-m/nofp/libc_nano.a(lib_a-stdio.o)
                0x0000000008006cd0                __sread
 .text.__swrite
                0x0000000008006cf2       0x38 /opt/homebrew/Cellar/arm-none-eabi-gcc/10.3-2021.10/gcc/bin/../lib/gcc/arm-none-eabi/10.3.1/../../../../arm-none-eabi/lib/thumb/v7-m/nofp/libc_nano.a(lib_a-stdio.o)
                0x0000000008006cf2                __swrite
 .text.__sseek  0x0000000008006d2a       0x24 /opt/homebrew/Cellar/arm-none-eabi-gcc/10.3-2021.10/gcc/bin/../lib/gcc/arm-none-eabi/10.3.1/../../../../arm-none-eabi/lib/thumb/v7-m/nofp/libc_nano.a(lib_a-stdio.o)
                0x0000000008006d2a                __sseek
 .text.__sclose
                0x0000000008006d4e        0x8 /opt/homebrew/Cellar/arm-none-eabi-gcc/10.3-2021.10/gcc/bin/../lib/gcc/arm-none-eabi/10.3.1/../../../../arm-none-eabi/lib/thumb/v7-m/nofp/libc_nano.a(lib_a-stdio.o)
                0x0000000008006d4e                __sclose
 *fill*         0x0000000008006d56        0x2 
 .text.__swbuf_r
                0x0000000008006d58       0xa4 /opt/homebrew/Cellar/arm-none-eabi-gcc/10.3-2021.10/gcc/bin/../lib/gcc/arm-none-eabi/10.3.1/../../../../arm-none-eabi/lib/thumb/v7-m/nofp/libc_nano.a(lib_a-wbuf.o)
                0x0000000008006d58                __swbuf_r
 .text._write_r
                0x0000000008006dfc       0x24 /opt/homebrew/Cellar/arm-none-eabi-gcc/10.3-2021.10/gcc/bin/../lib/gcc/arm-none-eabi/10.3.1/../../../../arm-none-eabi/lib/thumb/v7-m/nofp/libc_nano.a(lib_a-writer.o)
                0x0000000008006dfc                _write_r
 .text.__swsetup_r
                0x0000000008006e20       0xdc /opt/homebrew/Cellar/arm-none-eabi-gcc/10.3-2021.10/gcc/bin/../lib/gcc/arm-none-eabi/10.3.1/../../../../arm-none-eabi/lib/thumb/v7-m/nofp/libc_nano.a(lib_a-wsetup.o)
                0x0000000008006e20                __swsetup_r
 .text._close_r
                0x0000000008006efc       0x20 /opt/homebrew/Cellar/arm-none-eabi-gcc/10.3-2021.10/gcc/bin/../lib/gcc/arm-none-eabi/10.3.1/../../../../arm-none-eabi/lib/thumb/v7-m/nofp/libc_nano.a(lib_a-closer.o)
                0x0000000008006efc                _close_r
 .text.__sflush_r
                0x0000000008006f1c      0x104 /opt/homebrew/Cellar/arm-none-eabi-gcc/10.3-2021.10/gcc/bin/../lib/gcc/arm-none-eabi/10.3.1/../../../../arm-none-eabi/lib/thumb/v7-m/nofp/libc_nano.a(lib_a-fflush.o)
                0x0000000008006f1c                __sflush_r
 .text._fflush_r
                0x0000000008007020       0x78 /opt/homebrew/Cellar/arm-none-eabi-gcc/10.3-2021.10/gcc/bin/../lib/gcc/arm-none-eabi/10.3.1/../../../../arm-none-eabi/lib/thumb/v7-m/nofp/libc_nano.a(lib_a-fflush.o)
                0x0000000008007020                _fflush_r
 .text._lseek_r
                0x0000000008007098       0x24 /opt/homebrew/Cellar/arm-none-eabi-gcc/10.3-2021.10/gcc/bin/../lib/gcc/arm-none-eabi/10.3.1/../../../../arm-none-eabi/lib/thumb/v7-m/nofp/libc_nano.a(lib_a-lseekr.o)
                0x0000000008007098                _lseek_r
 .text.__swhatbuf_r
                0x00000000080070bc       0x4a /opt/homebrew/Cellar/arm-none-eabi-gcc/10.3-2021.10/gcc/bin/../lib/gcc/arm-none-eabi/10.3.1/../../../../arm-none-eabi/lib/thumb/v7-m/nofp/libc_nano.a(lib_a-makebuf.o)
                0x00000000080070bc                __swhatbuf_r
 *fill*         0x0000000008007106        0x2 
 .text.__smakebuf_r
                0x0000000008007108       0x80 /opt/homebrew/Cellar/arm-none-eabi-gcc/10.3-2021.10/gcc/bin/../lib/gcc/arm-none-eabi/10.3.1/../../../../arm-none-eabi/lib/thumb/v7-m/nofp/libc_nano.a(lib_a-makebuf.o)
                0x0000000008007108                __smakebuf_r
 .text.memchr   0x0000000008007188       0x1c /opt/homebrew/Cellar/arm-none-eabi-gcc/10.3-2021.10/gcc/bin/../lib/gcc/arm-none-eabi/10.3.1/../../../../arm-none-eabi/lib/thumb/v7-m/nofp/libc_nano.a(lib_a-memchr-stub.o)
                0x0000000008007188                memchr
 .text.__malloc_lock
                0x00000000080071a4        0xc /opt/homebrew/Cellar/arm-none-eabi-gcc/10.3-2021.10/gcc/bin/../lib/gcc/arm-none-eabi/10.3.1/../../../../arm-none-eabi/lib/thumb/v7-m/nofp/libc_nano.a(lib_a-mlock.o)
                0x00000000080071a4                __malloc_lock
 .text.__malloc_unlock
                0x00000000080071b0        0xc /opt/homebrew/Cellar/arm-none-eabi-gcc/10.3-2021.10/gcc/bin/../lib/gcc/arm-none-eabi/10.3.1/../../../../arm-none-eabi/lib/thumb/v7-m/nofp/libc_nano.a(lib_a-mlock.o)
                0x00000000080071b0                __malloc_unlock
 .text._free_r  0x00000000080071bc       0x90 /opt/homebrew/Cellar/arm-none-eabi-gcc/10.3-2021.10/gcc/bin/../lib/gcc/arm-none-eabi/10.3.1/../../../../arm-none-eabi/lib/thumb/v7-m/nofp/libc_nano.a(lib_a-nano-freer.o)
                0x00000000080071bc                _free_r
 .text._read_r  0x000000000800724c       0x24 /opt/homebrew/Cellar/arm-none-eabi-gcc/10.3-2021.10/gcc/bin/../lib/gcc/arm-none-eabi/10.3.1/../../../../arm-none-eabi/lib/thumb/v7-m/nofp/libc_nano.a(lib_a-readr.o)
                0x000000000800724c                _read_r
 .text._fstat_r
                0x0000000008007270       0x24 /opt/homebrew/Cellar/arm-none-eabi-gcc/10.3-2021.10/gcc/bin/../lib/gcc/arm-none-eabi/10.3.1/../../../../arm-none-eabi/lib/thumb/v7-m/nofp/libc_nano.a(lib_a-fstatr.o)
                0x0000000008007270                _fstat_r
 .text._isatty_r
                0x0000000008007294       0x20 /opt/homebrew/Cellar/arm-none-eabi-gcc/10.3-2021.10/gcc/bin/../lib/gcc/arm-none-eabi/10.3.1/../../../../arm-none-eabi/lib/thumb/v7-m/nofp/libc_nano.a(lib_a-isattyr.o)
                0x0000000008007294                _isatty_r
 .text._close   0x00000000080072b4       0x10 /opt/homebrew/Cellar/arm-none-eabi-gcc/10.3-2021.10/gcc/bin/../lib/gcc/arm-none-eabi/10.3.1/../../../../arm-none-eabi/lib/thumb/v7-m/nofp/libnosys.a(close.o)
                0x00000000080072b4                _close
 .text._fstat   0x00000000080072c4       0x10 /opt/homebrew/Cellar/arm-none-eabi-gcc/10.3-2021.10/gcc/bin/../lib/gcc/arm-none-eabi/10.3.1/../../../../arm-none-eabi/lib/thumb/v7-m/nofp/libnosys.a(fstat.o)
                0x00000000080072c4                _fstat
 .text._isatty  0x00000000080072d4       0x10 /opt/homebrew/Cellar/arm-none-eabi-gcc/10.3-2021.10/gcc/bin/../lib/gcc/arm-none-eabi/10.3.1/../../../../arm-none-eabi/lib/thumb/v7-m/nofp/libnosys.a(isatty.o)
                0x00000000080072d4                _isatty
 .text._lseek   0x00000000080072e4       0x10 /opt/homebrew/Cellar/arm-none-eabi-gcc/10.3-2021.10/gcc/bin/../lib/gcc/arm-none-eabi/10.3.1/../../../../arm-none-eabi/lib/thumb/v7-m/nofp/libnosys.a(lseek.o)
                0x00000000080072e4                _lseek
 .text._read    0x00000000080072f4       0x10 /opt/homebrew/Cellar/arm-none-eabi-gcc/10.3-2021.10/gcc/bin/../lib/gcc/arm-none-eabi/10.3.1/../../../../arm-none-eabi/lib/thumb/v7-m/nofp/libnosys.a(read.o)
                0x00000000080072f4                _read
 .text._sbrk    0x0000000008007304       0x1c /opt/homebrew/Cellar/arm-none-eabi-gcc/10.3-2021.10/gcc/bin/../lib/gcc/arm-none-eabi/10.3.1/../../../../arm-none-eabi/lib/thumb/v7-m/nofp/libnosys.a(sbrk.o)
                0x0000000008007304                _sbrk
 .text._write   0x0000000008007320       0x10 /opt/homebrew/Cellar/arm-none-eabi-gcc/10.3-2021.10/gcc/bin/../lib/gcc/arm-none-eabi/10.3.1/../../../../arm-none-eabi/lib/thumb/v7-m/nofp/libnosys.a(write.o)
                0x0000000008007320                _write
 *(.glue_7)
 .glue_7        0x0000000008007330        0x0 linker stubs
 *(.glue_7t)
 .glue_7t       0x0000000008007330        0x0 linker stubs
 *(.eh_frame)
 .eh_frame      0x0000000008007330        0x0 /opt/homebrew/Cellar/arm-none-eabi-gcc/10.3-2021.10/gcc/bin/../lib/gcc/arm-none-eabi/10.3.1/thumb/v7-m/nofp/crtbegin.o
 *(.init)
 .init          0x0000000008007330        0x4 /opt/homebrew/Cellar/arm-none-eabi-gcc/10.3-2021.10/gcc/bin/../lib/gcc/arm-none-eabi/10.3.1/thumb/v7-m/nofp/crti.o
                0x0000000008007330                _init
 .init          0x0000000008007334        0x8 /opt/homebrew/Cellar/arm-none-eabi-gcc/10.3-2021.10/gcc/bin/../lib/gcc/arm-none-eabi/10.3.1/thumb/v7-m/nofp/crtn.o
 *(.fini)
 .fini          0x000000000800733c        0x4 /opt/homebrew/Cellar/arm-none-eabi-gcc/10.3-2021.10/gcc/bin/../lib/gcc/arm-none-eabi/10.3.1/thumb/v7-m/nofp/crti.o
                0x000000000800733c                _fini
 .fini          0x0000000008007340        0x8 /opt/homebrew/Cellar/arm-none-eabi-gcc/10.3-2021.10/gcc/bin/../lib/gcc/arm-none-eabi/10.3.1/thumb/v7-m/nofp/crtn.o
                0x0000000008007348                . = ALIGN (0x4)
                0x0000000008007348                _etext = .

.vfp11_veneer   0x0000000008007348        0x0
 .vfp11_veneer  0x0000000008007348        0x0 linker stubs

.v4_bx          0x0000000008007348        0x0
 .v4_bx         0x0000000008007348        0x0 linker stubs

.iplt           0x0000000008007348        0x0
 .iplt          0x0000000008007348        0x0 /opt/homebrew/Cellar/arm-none-eabi-gcc/10.3-2021.10/gcc/bin/../lib/gcc/arm-none-eabi/10.3.1/thumb/v7-m/nofp/crtbegin.o

.rodata         0x0000000008007348      0x8b8
                0x0000000008007348                . = ALIGN (0x4)
 *(.rodata)
 *(.rodata*)
 .rodata.HAL_RCC_GetSysClockFreq.str1.4
                0x0000000008007348       0x11 build/stm32f1xx_hal_rcc.o
 *fill*         0x0000000008007359        0x3 
 .rodata.AHBPrescTable
                0x000000000800735c       0x10 build/system_stm32f1xx.o
                0x000000000800735c                AHBPrescTable
 .rodata.APBPrescTable
                0x000000000800736c        0x8 build/system_stm32f1xx.o
                0x000000000800736c                APBPrescTable
 .rodata.Input_Init.str1.4
                0x0000000008007374       0x59 build/util.o
 *fill*         0x00000000080073cd        0x3 
 .rodata.rtM_Left
                0x00000000080073d0        0x4 build/util.o
                0x00000000080073d0                rtM_Left
 .rodata.rtM_Right
                0x00000000080073d4        0x4 build/util.o
                0x00000000080073d4                rtM_Right
 .rodata.rtConstP
                0x00000000080073d8      0x790 build/BLDC_controller_data.o
                0x00000000080073d8                rtConstP
 .rodata._global_impure_ptr
                0x0000000008007b68        0x4 /opt/homebrew/Cellar/arm-none-eabi-gcc/10.3-2021.10/gcc/bin/../lib/gcc/arm-none-eabi/10.3.1/../../../../arm-none-eabi/lib/thumb/v7-m/nofp/libc_nano.a(lib_a-impure.o)
                0x0000000008007b68                _global_impure_ptr
 .rodata.__sf_fake_stderr
                0x0000000008007b6c       0x20 /opt/homebrew/Cellar/arm-none-eabi-gcc/10.3-2021.10/gcc/bin/../lib/gcc/arm-none-eabi/10.3.1/../../../../arm-none-eabi/lib/thumb/v7-m/nofp/libc_nano.a(lib_a-findfp.o)
                0x0000000008007b6c                __sf_fake_stderr
 .rodata.__sf_fake_stdin
                0x0000000008007b8c       0x20 /opt/homebrew/Cellar/arm-none-eabi-gcc/10.3-2021.10/gcc/bin/../lib/gcc/arm-none-eabi/10.3.1/../../../../arm-none-eabi/lib/thumb/v7-m/nofp/libc_nano.a(lib_a-findfp.o)
                0x0000000008007b8c                __sf_fake_stdin
 .rodata.__sf_fake_stdout
                0x0000000008007bac       0x20 /opt/homebrew/Cellar/arm-none-eabi-gcc/10.3-2021.10/gcc/bin/../lib/gcc/arm-none-eabi/10.3.1/../../../../arm-none-eabi/lib/thumb/v7-m/nofp/libc_nano.a(lib_a-findfp.o)
                0x0000000008007bac                __sf_fake_stdout
 .rodata._vfprintf_r.str1.1
                0x0000000008007bcc       0x11 /opt/homebrew/Cellar/arm-none-eabi-gcc/10.3-2021.10/gcc/bin/../lib/gcc/arm-none-eabi/10.3.1/../../../../arm-none-eabi/lib/thumb/v7-m/nofp/libc_nano.a(lib_a-nano-vfprintf.o)
 .rodata._printf_i.str1.1
                0x0000000008007bdd       0x22 /opt/homebrew/Cellar/arm-none-eabi-gcc/10.3-2021.10/gcc/bin/../lib/gcc/arm-none-eabi/10.3.1/../../../../arm-none-eabi/lib/thumb/v7-m/nofp/libc_nano.a(lib_a-nano-vfprintf_i.o)
                0x0000000008007c00                . = ALIGN (0x4)
 *fill*         0x0000000008007bff        0x1 

.rel.dyn        0x0000000008007c00        0x0
 .rel.iplt      0x0000000008007c00        0x0 /opt/homebrew/Cellar/arm-none-eabi-gcc/10.3-2021.10/gcc/bin/../lib/gcc/arm-none-eabi/10.3.1/thumb/v7-m/nofp/crtbegin.o

.ARM.extab
 *(.ARM.extab* .gnu.linkonce.armextab.*)

.ARM            0x0000000008007c00        0x0
                0x0000000008007c00                __exidx_start = .
 *(.ARM.exidx*)
                0x0000000008007c00                __exidx_end = .

.preinit_array  0x0000000008007c00        0x0
                0x0000000008007c00                PROVIDE (__preinit_array_start = .)
 *(.preinit_array*)
                0x0000000008007c00                PROVIDE (__preinit_array_end = .)

.init_array     0x0000000008007c00        0x4
                0x0000000008007c00                PROVIDE (__init_array_start = .)
 *(SORT_BY_NAME(.init_array.*))
 *(.init_array*)
 .init_array    0x0000000008007c00        0x4 /opt/homebrew/Cellar/arm-none-eabi-gcc/10.3-2021.10/gcc/bin/../lib/gcc/arm-none-eabi/10.3.1/thumb/v7-m/nofp/crtbegin.o
                0x0000000008007c04                PROVIDE (__init_array_end = .)

.fini_array     0x0000000008007c04        0x4
                [!provide]                        PROVIDE (__fini_array_start = .)
 *(SORT_BY_NAME(.fini_array.*))
 *(.fini_array*)
 .fini_array    0x0000000008007c04        0x4 /opt/homebrew/Cellar/arm-none-eabi-gcc/10.3-2021.10/gcc/bin/../lib/gcc/arm-none-eabi/10.3.1/thumb/v7-m/nofp/crtbegin.o
                [!provide]                        PROVIDE (__fini_array_end = .)
                0x0000000008007c08                _sidata = LOADADDR (.data)

.data           0x0000000020000000      0x1c4 load address 0x0000000008007c08
                0x0000000020000000                . = ALIGN (0x4)
                0x0000000020000000                _sdata = .
 *(.data)
 *(.data*)
 .data.SystemCoreClock
                0x0000000020000000        0x4 build/system_stm32f1xx.o
                0x0000000020000000                SystemCoreClock
 .data.VirtAddVarTab
                0x0000000020000004       0x26 build/util.o
                0x0000000020000004                VirtAddVarTab
 .data.ctrlModReq
                0x000000002000002a        0x1 build/util.o
                0x000000002000002a                ctrlModReq
 .data.ctrlModReqRaw
                0x000000002000002b        0x1 build/util.o
                0x000000002000002b                ctrlModReqRaw
 .data.input1   0x000000002000002c        0xe build/util.o
                0x000000002000002c                input1
 *fill*         0x000000002000003a        0x2 
 .data.input2   0x000000002000003c        0xe build/util.o
                0x000000002000003c                input2
 .data.timeoutCntSerial_L
                0x000000002000004a        0x2 build/util.o
 .data.batVoltage
                0x000000002000004c        0x2 build/bldc.o
                0x000000002000004c                batVoltage
 *fill*         0x000000002000004e        0x2 
 .data.batVoltageFixdt
                0x0000000020000050        0x4 build/bldc.o
 .data.offsetdcl
                0x0000000020000054        0x2 build/bldc.o
 .data.offsetdcr
                0x0000000020000056        0x2 build/bldc.o
 .data.offsetrlA
                0x0000000020000058        0x2 build/bldc.o
 .data.offsetrlB
                0x000000002000005a        0x2 build/bldc.o
 .data.offsetrrB
                0x000000002000005c        0x2 build/bldc.o
 .data.offsetrrC
                0x000000002000005e        0x2 build/bldc.o
 .data.rtP_Left
                0x0000000020000060      0x100 build/BLDC_controller_data.o
                0x0000000020000060                rtP_Left
 .data._impure_ptr
                0x0000000020000160        0x4 /opt/homebrew/Cellar/arm-none-eabi-gcc/10.3-2021.10/gcc/bin/../lib/gcc/arm-none-eabi/10.3.1/../../../../arm-none-eabi/lib/thumb/v7-m/nofp/libc_nano.a(lib_a-impure.o)
                0x0000000020000160                _impure_ptr
 .data.impure_data
                0x0000000020000164       0x60 /opt/homebrew/Cellar/arm-none-eabi-gcc/10.3-2021.10/gcc/bin/../lib/gcc/arm-none-eabi/10.3.1/../../../../arm-none-eabi/lib/thumb/v7-m/nofp/libc_nano.a(lib_a-impure.o)
                0x00000000200001c4                . = ALIGN (0x4)
                0x00000000200001c4                _edata = .

.igot.plt       0x00000000200001c4        0x0 load address 0x0000000008007dcc
 .igot.plt      0x00000000200001c4        0x0 /opt/homebrew/Cellar/arm-none-eabi-gcc/10.3-2021.10/gcc/bin/../lib/gcc/arm-none-eabi/10.3.1/thumb/v7-m/nofp/crtbegin.o
                0x00000000200001c4                . = ALIGN (0x4)

.bss            0x00000000200001c8      0x62c load address 0x0000000008007dcc
                0x00000000200001c8                _sbss = .
                0x00000000200001c8                __bss_start__ = _sbss
 *(.bss)
 .bss           0x00000000200001c8       0x1c /opt/homebrew/Cellar/arm-none-eabi-gcc/10.3-2021.10/gcc/bin/../lib/gcc/arm-none-eabi/10.3.1/thumb/v7-m/nofp/crtbegin.o
 *(.bss*)
 *fill*         0x00000000200001e4        0x4 
 .bss.pFlash    0x00000000200001e8       0x20 build/stm32f1xx_hal_flash.o
                0x00000000200001e8                pFlash
 .bss.uwTick    0x0000000020000208        0x4 build/stm32f1xx_hal.o
                0x0000000020000208                uwTick
 .bss.adc_buffer
                0x000000002000020c       0x14 build/setup.o
                0x000000002000020c                adc_buffer
 .bss.hadc1     0x0000000020000220       0x30 build/setup.o
                0x0000000020000220                hadc1
 .bss.hadc2     0x0000000020000250       0x30 build/setup.o
                0x0000000020000250                hadc2
 .bss.hdma_usart2_rx
                0x0000000020000280       0x44 build/setup.o
                0x0000000020000280                hdma_usart2_rx
 .bss.hdma_usart2_tx
                0x00000000200002c4       0x44 build/setup.o
                0x00000000200002c4                hdma_usart2_tx
 .bss.hdma_usart3_rx
                0x0000000020000308       0x44 build/setup.o
                0x0000000020000308                hdma_usart3_rx
 .bss.hdma_usart3_tx
                0x000000002000034c       0x44 build/setup.o
                0x000000002000034c                hdma_usart3_tx
 .bss.htim_left
                0x0000000020000390       0x40 build/setup.o
                0x0000000020000390                htim_left
 .bss.htim_right
                0x00000000200003d0       0x40 build/setup.o
                0x00000000200003d0                htim_right
 .bss.huart2    0x0000000020000410       0x40 build/setup.o
                0x0000000020000410                huart2
 .bss.timeoutFlgGen
                0x0000000020000450        0x1 build/control.o
                0x0000000020000450                timeoutFlgGen
 *fill*         0x0000000020000451        0x1 
 .bss.INPUT_MAX
                0x0000000020000452        0x2 build/util.o
 .bss.INPUT_MIN
                0x0000000020000454        0x2 build/util.o
 *fill*         0x0000000020000456        0x2 
 .bss.commandL  0x0000000020000458        0x8 build/util.o
 .bss.commandL_raw
                0x0000000020000460        0x8 build/util.o
 .bss.cur_spd_valid
                0x0000000020000468        0x1 build/util.o
 .bss.inIdx     0x0000000020000469        0x1 build/util.o
                0x0000000020000469                inIdx
 .bss.inIdx_prev
                0x000000002000046a        0x1 build/util.o
                0x000000002000046a                inIdx_prev
 .bss.inp_cal_valid
                0x000000002000046b        0x1 build/util.o
 .bss.old_pos.0
                0x000000002000046c        0x4 build/util.o
 .bss.rtDW_Left
                0x0000000020000470       0xac build/util.o
                0x0000000020000470                rtDW_Left
 .bss.rtDW_Right
                0x000000002000051c       0xac build/util.o
                0x000000002000051c                rtDW_Right
 .bss.rtM_Left_
                0x00000000200005c8       0x10 build/util.o
                0x00000000200005c8                rtM_Left_
 .bss.rtM_Right_
                0x00000000200005d8       0x10 build/util.o
                0x00000000200005d8                rtM_Right_
 .bss.rtP_Right
                0x00000000200005e8      0x100 build/util.o
                0x00000000200005e8                rtP_Right
 .bss.rtU_Left  0x00000000200006e8       0x10 build/util.o
                0x00000000200006e8                rtU_Left
 .bss.rtU_Right
                0x00000000200006f8       0x10 build/util.o
                0x00000000200006f8                rtU_Right
 .bss.rtY_Left  0x0000000020000708       0x10 build/util.o
                0x0000000020000708                rtY_Left
 .bss.rtY_Right
                0x0000000020000718       0x10 build/util.o
                0x0000000020000718                rtY_Right
 .bss.rx_buffer_L
                0x0000000020000728       0x40 build/util.o
 .bss.speedAvg  0x0000000020000768        0x2 build/util.o
                0x0000000020000768                speedAvg
 .bss.speedAvgAbs
                0x000000002000076a        0x2 build/util.o
                0x000000002000076a                speedAvgAbs
 .bss.timeoutFlgADC
                0x000000002000076c        0x1 build/util.o
                0x000000002000076c                timeoutFlgADC
 .bss.timeoutFlgSerial
                0x000000002000076d        0x1 build/util.o
                0x000000002000076d                timeoutFlgSerial
 .bss.timeoutFlgSerial_L
                0x000000002000076e        0x1 build/util.o
 *fill*         0x000000002000076f        0x1 
 .bss.Feedback  0x0000000020000770       0x12 build/main.o
 .bss.backwardDrive
                0x0000000020000782        0x1 build/main.o
                0x0000000020000782                backwardDrive
 *fill*         0x0000000020000783        0x1 
 .bss.batVoltageCalib
                0x0000000020000784        0x2 build/main.o
                0x0000000020000784                batVoltageCalib
 .bss.board_temp_deg_c
                0x0000000020000786        0x2 build/main.o
                0x0000000020000786                board_temp_deg_c
 .bss.buzzerTimer_prev
                0x0000000020000788        0x4 build/main.o
 .bss.cmdL      0x000000002000078c        0x2 build/main.o
                0x000000002000078c                cmdL
 .bss.cmdR      0x000000002000078e        0x2 build/main.o
                0x000000002000078e                cmdR
 .bss.dc_curr   0x0000000020000790        0x2 build/main.o
                0x0000000020000790                dc_curr
 *fill*         0x0000000020000792        0x2 
 .bss.inactivity_timeout_counter
                0x0000000020000794        0x4 build/main.o
 .bss.left_dc_curr
                0x0000000020000798        0x2 build/main.o
                0x0000000020000798                left_dc_curr
 *fill*         0x000000002000079a        0x2 
 .bss.main_loop_counter
                0x000000002000079c        0x4 build/main.o
                0x000000002000079c                main_loop_counter
 .bss.right_dc_curr
                0x00000000200007a0        0x2 build/main.o
                0x00000000200007a0                right_dc_curr
 .bss.sideboard_leds_L
                0x00000000200007a2        0x1 build/main.o
 *fill*         0x00000000200007a3        0x1 
 .bss.speed     0x00000000200007a4        0x2 build/main.o
 *fill*         0x00000000200007a6        0x2 
 .bss.speedFixdt
                0x00000000200007a8        0x4 build/main.o
 .bss.speedRateFixdt
                0x00000000200007ac        0x2 build/main.o
 .bss.steer     0x00000000200007ae        0x2 build/main.o
 .bss.steerFixdt
                0x00000000200007b0        0x4 build/main.o
 .bss.steerRateFixdt
                0x00000000200007b4        0x2 build/main.o
 .bss.OverrunFlag.0
                0x00000000200007b6        0x1 build/bldc.o
 .bss.buzzerCount
                0x00000000200007b7        0x1 build/bldc.o
                0x00000000200007b7                buzzerCount
 .bss.buzzerFreq
                0x00000000200007b8        0x1 build/bldc.o
                0x00000000200007b8                buzzerFreq
 .bss.buzzerIdx
                0x00000000200007b9        0x1 build/bldc.o
 .bss.buzzerPattern
                0x00000000200007ba        0x1 build/bldc.o
                0x00000000200007ba                buzzerPattern
 .bss.buzzerPrev
                0x00000000200007bb        0x1 build/bldc.o
 .bss.buzzerTimer
                0x00000000200007bc        0x4 build/bldc.o
                0x00000000200007bc                buzzerTimer
 .bss.curL_DC   0x00000000200007c0        0x2 build/bldc.o
                0x00000000200007c0                curL_DC
 .bss.curL_phaA
                0x00000000200007c2        0x2 build/bldc.o
                0x00000000200007c2                curL_phaA
 .bss.curL_phaB
                0x00000000200007c4        0x2 build/bldc.o
                0x00000000200007c4                curL_phaB
 .bss.curR_DC   0x00000000200007c6        0x2 build/bldc.o
                0x00000000200007c6                curR_DC
 .bss.curR_phaB
                0x00000000200007c8        0x2 build/bldc.o
                0x00000000200007c8                curR_phaB
 .bss.curR_phaC
                0x00000000200007ca        0x2 build/bldc.o
                0x00000000200007ca                curR_phaC
 .bss.enable    0x00000000200007cc        0x1 build/bldc.o
                0x00000000200007cc                enable
 .bss.enableFin
                0x00000000200007cd        0x1 build/bldc.o
 .bss.offsetcount
                0x00000000200007ce        0x2 build/bldc.o
 .bss.pwm_margin
                0x00000000200007d0        0x2 build/bldc.o
 *fill*         0x00000000200007d2        0x2 
 .bss.pwml      0x00000000200007d4        0x4 build/bldc.o
                0x00000000200007d4                pwml
 .bss.pwmr      0x00000000200007d8        0x4 build/bldc.o
                0x00000000200007d8                pwmr
 .bss.DataVar   0x00000000200007dc        0x2 build/eeprom.o
                0x00000000200007dc                DataVar
 .bss.__lock___malloc_recursive_mutex
                0x00000000200007de        0x1 /opt/homebrew/Cellar/arm-none-eabi-gcc/10.3-2021.10/gcc/bin/../lib/gcc/arm-none-eabi/10.3.1/../../../../arm-none-eabi/lib/thumb/v7-m/nofp/libc_nano.a(lib_a-lock.o)
                0x00000000200007de                __lock___malloc_recursive_mutex
 .bss.__lock___sfp_recursive_mutex
                0x00000000200007df        0x1 /opt/homebrew/Cellar/arm-none-eabi-gcc/10.3-2021.10/gcc/bin/../lib/gcc/arm-none-eabi/10.3.1/../../../../arm-none-eabi/lib/thumb/v7-m/nofp/libc_nano.a(lib_a-lock.o)
                0x00000000200007df                __lock___sfp_recursive_mutex
 .bss.__lock___sinit_recursive_mutex
                0x00000000200007e0        0x1 /opt/homebrew/Cellar/arm-none-eabi-gcc/10.3-2021.10/gcc/bin/../lib/gcc/arm-none-eabi/10.3.1/../../../../arm-none-eabi/lib/thumb/v7-m/nofp/libc_nano.a(lib_a-lock.o)
                0x00000000200007e0                __lock___sinit_recursive_mutex
 *fill*         0x00000000200007e1        0x3 
 .bss.__malloc_free_list
                0x00000000200007e4        0x4 /opt/homebrew/Cellar/arm-none-eabi-gcc/10.3-2021.10/gcc/bin/../lib/gcc/arm-none-eabi/10.3.1/../../../../arm-none-eabi/lib/thumb/v7-m/nofp/libc_nano.a(lib_a-nano-mallocr.o)
                0x00000000200007e4                __malloc_free_list
 .bss.__malloc_sbrk_start
                0x00000000200007e8        0x4 /opt/homebrew/Cellar/arm-none-eabi-gcc/10.3-2021.10/gcc/bin/../lib/gcc/arm-none-eabi/10.3.1/../../../../arm-none-eabi/lib/thumb/v7-m/nofp/libc_nano.a(lib_a-nano-mallocr.o)
                0x00000000200007e8                __malloc_sbrk_start
 .bss.errno     0x00000000200007ec        0x4 /opt/homebrew/Cellar/arm-none-eabi-gcc/10.3-2021.10/gcc/bin/../lib/gcc/arm-none-eabi/10.3.1/../../../../arm-none-eabi/lib/thumb/v7-m/nofp/libc_nano.a(lib_a-reent.o)
                0x00000000200007ec                errno
 .bss.heap_end.0
                0x00000000200007f0        0x4 /opt/homebrew/Cellar/arm-none-eabi-gcc/10.3-2021.10/gcc/bin/../lib/gcc/arm-none-eabi/10.3.1/../../../../arm-none-eabi/lib/thumb/v7-m/nofp/libnosys.a(sbrk.o)
 *(COMMON)
                0x00000000200007f4                . = ALIGN (0x4)
                0x00000000200007f4                _ebss = .
                0x00000000200007f4                __bss_end__ = _ebss

._user_heap_stack
                0x00000000200007f4      0x604 load address 0x0000000008007dcc
                0x00000000200007f8                . = ALIGN (0x8)
 *fill*         0x00000000200007f4        0x4 
                0x00000000200007f8                PROVIDE (end = .)
                [!provide]                        PROVIDE (_end = .)
                0x00000000200009f8                . = (. + _Min_Heap_Size)
 *fill*         0x00000000200007f8      0x200 
                0x0000000020000df8                . = (. + _Min_Stack_Size)
 *fill*         0x00000000200009f8      0x400 
                0x0000000020000df8                . = ALIGN (0x8)

/DISCARD/
 libc.a(*)
 libm.a(*)
 libgcc.a(*)

.ARM.attributes
                0x0000000000000000       0x29
 *(.ARM.attributes)
 .ARM.attributes
                0x0000000000000000       0x1d /opt/homebrew/Cellar/arm-none-eabi-gcc/10.3-2021.10/gcc/bin/../lib/gcc/arm-none-eabi/10.3.1/thumb/v7-m/nofp/crti.o
 .ARM.attributes
                0x000000000000001d       0x2d /opt/homebrew/Cellar/arm-none-eabi-gcc/10.3-2021.10/gcc/bin/../lib/gcc/arm-none-eabi/10.3.1/thumb/v7-m/nofp/crtbegin.o
 .ARM.attributes
                0x000000000000004a       0x2d build/stm32f1xx_hal_flash.o
 .ARM.attributes
                0x0000000000000077       0x2d build/stm32f1xx_hal_rcc.o
 .ARM.attributes
                0x00000000000000a4       0x2d build/stm32f1xx_hal_tim.o
 .ARM.attributes
                0x00000000000000d1       0x2d build/stm32f1xx_hal_tim_ex.o
 .ARM.attributes
                0x00000000000000fe       0x2d build/stm32f1xx_hal_adc_ex.o
 .ARM.attributes
                0x000000000000012b       0x2d build/stm32f1xx_hal_cortex.o
 .ARM.attributes
                0x0000000000000158       0x2d build/stm32f1xx_hal_flash_ex.o
 .ARM.attributes
                0x0000000000000185       0x2d build/stm32f1xx_hal_gpio.o
 .ARM.attributes
                0x00000000000001b2       0x2d build/stm32f1xx_hal_rcc_ex.o
 .ARM.attributes
                0x00000000000001df       0x2d build/stm32f1xx_hal.o
 .ARM.attributes
                0x000000000000020c       0x2d build/stm32f1xx_hal_adc.o
 .ARM.attributes
                0x0000000000000239       0x2d build/stm32f1xx_hal_uart.o
 .ARM.attributes
                0x0000000000000266       0x2d build/stm32f1xx_hal_dma.o
 .ARM.attributes
                0x0000000000000293       0x2d build/system_stm32f1xx.o
 .ARM.attributes
                0x00000000000002c0       0x2d build/setup.o
 .ARM.attributes
                0x00000000000002ed       0x2d build/control.o
 .ARM.attributes
                0x000000000000031a       0x2d build/util.o
 .ARM.attributes
                0x0000000000000347       0x2d build/main.o
 .ARM.attributes
                0x0000000000000374       0x2d build/bldc.o
 .ARM.attributes
                0x00000000000003a1       0x2d build/eeprom.o
 .ARM.attributes
                0x00000000000003ce       0x2d build/stm32f1xx_it.o
 .ARM.attributes
                0x00000000000003fb       0x2d build/BLDC_controller_data.o
 .ARM.attributes
                0x0000000000000428       0x2d build/BLDC_controller.o
 .ARM.attributes
                0x0000000000000455       0x21 build/startup_stm32f103xe.o
 .ARM.attributes
                0x0000000000000476       0x2d /opt/homebrew/Cellar/arm-none-eabi-gcc/10.3-2021.10/gcc/bin/../lib/gcc/arm-none-eabi/10.3.1/../../../../arm-none-eabi/lib/thumb/v7-m/nofp/libc_nano.a(lib_a-impure.o)
 .ARM.attributes
                0x00000000000004a3       0x2d /opt/homebrew/Cellar/arm-none-eabi-gcc/10.3-2021.10/gcc/bin/../lib/gcc/arm-none-eabi/10.3.1/../../../../arm-none-eabi/lib/thumb/v7-m/nofp/libc_nano.a(lib_a-init.o)
 .ARM.attributes
                0x00000000000004d0       0x2d /opt/homebrew/Cellar/arm-none-eabi-gcc/10.3-2021.10/gcc/bin/../lib/gcc/arm-none-eabi/10.3.1/../../../../arm-none-eabi/lib/thumb/v7-m/nofp/libc_nano.a(lib_a-memcpy-stub.o)
 .ARM.attributes
                0x00000000000004fd       0x2d /opt/homebrew/Cellar/arm-none-eabi-gcc/10.3-2021.10/gcc/bin/../lib/gcc/arm-none-eabi/10.3.1/../../../../arm-none-eabi/lib/thumb/v7-m/nofp/libc_nano.a(lib_a-memset.o)
 .ARM.attributes
                0x000000000000052a       0x2d /opt/homebrew/Cellar/arm-none-eabi-gcc/10.3-2021.10/gcc/bin/../lib/gcc/arm-none-eabi/10.3.1/../../../../arm-none-eabi/lib/thumb/v7-m/nofp/libc_nano.a(lib_a-printf.o)
 .ARM.attributes
                0x0000000000000557       0x2d /opt/homebrew/Cellar/arm-none-eabi-gcc/10.3-2021.10/gcc/bin/../lib/gcc/arm-none-eabi/10.3.1/../../../../arm-none-eabi/lib/thumb/v7-m/nofp/libc_nano.a(lib_a-findfp.o)
 .ARM.attributes
                0x0000000000000584       0x2d /opt/homebrew/Cellar/arm-none-eabi-gcc/10.3-2021.10/gcc/bin/../lib/gcc/arm-none-eabi/10.3.1/../../../../arm-none-eabi/lib/thumb/v7-m/nofp/libc_nano.a(lib_a-fwalk.o)
 .ARM.attributes
                0x00000000000005b1       0x2d /opt/homebrew/Cellar/arm-none-eabi-gcc/10.3-2021.10/gcc/bin/../lib/gcc/arm-none-eabi/10.3.1/../../../../arm-none-eabi/lib/thumb/v7-m/nofp/libc_nano.a(lib_a-lock.o)
 .ARM.attributes
                0x00000000000005de       0x2d /opt/homebrew/Cellar/arm-none-eabi-gcc/10.3-2021.10/gcc/bin/../lib/gcc/arm-none-eabi/10.3.1/../../../../arm-none-eabi/lib/thumb/v7-m/nofp/libc_nano.a(lib_a-nano-mallocr.o)
 .ARM.attributes
                0x000000000000060b       0x2d /opt/homebrew/Cellar/arm-none-eabi-gcc/10.3-2021.10/gcc/bin/../lib/gcc/arm-none-eabi/10.3.1/../../../../arm-none-eabi/lib/thumb/v7-m/nofp/libc_nano.a(lib_a-nano-vfprintf.o)
 .ARM.attributes
                0x0000000000000638       0x2d /opt/homebrew/Cellar/arm-none-eabi-gcc/10.3-2021.10/gcc/bin/../lib/gcc/arm-none-eabi/10.3.1/../../../../arm-none-eabi/lib/thumb/v7-m/nofp/libc_nano.a(lib_a-nano-vfprintf_i.o)
 .ARM.attributes
                0x0000000000000665       0x2d /opt/homebrew/Cellar/arm-none-eabi-gcc/10.3-2021.10/gcc/bin/../lib/gcc/arm-none-eabi/10.3.1/../../../../arm-none-eabi/lib/thumb/v7-m/nofp/libc_nano.a(lib_a-sbrkr.o)
 .ARM.attributes
                0x0000000000000692       0x2d /opt/homebrew/Cellar/arm-none-eabi-gcc/10.3-2021.10/gcc/bin/../lib/gcc/arm-none-eabi/10.3.1/../../../../arm-none-eabi/lib/thumb/v7-m/nofp/libc_nano.a(lib_a-stdio.o)
 .ARM.attributes
                0x00000000000006bf       0x2d /opt/homebrew/Cellar/arm-none-eabi-gcc/10.3-2021.10/gcc/bin/../lib/gcc/arm-none-eabi/10.3.1/../../../../arm-none-eabi/lib/thumb/v7-m/nofp/libc_nano.a(lib_a-wbuf.o)
 .ARM.attributes
                0x00000000000006ec       0x2d /opt/homebrew/Cellar/arm-none-eabi-gcc/10.3-2021.10/gcc/bin/../lib/gcc/arm-none-eabi/10.3.1/../../../../arm-none-eabi/lib/thumb/v7-m/nofp/libc_nano.a(lib_a-writer.o)
 .ARM.attributes
                0x0000000000000719       0x2d /opt/homebrew/Cellar/arm-none-eabi-gcc/10.3-2021.10/gcc/bin/../lib/gcc/arm-none-eabi/10.3.1/../../../../arm-none-eabi/lib/thumb/v7-m/nofp/libc_nano.a(lib_a-wsetup.o)
 .ARM.attributes
                0x0000000000000746       0x2d /opt/homebrew/Cellar/arm-none-eabi-gcc/10.3-2021.10/gcc/bin/../lib/gcc/arm-none-eabi/10.3.1/../../../../arm-none-eabi/lib/thumb/v7-m/nofp/libc_nano.a(lib_a-closer.o)
 .ARM.attributes
                0x0000000000000773       0x2d /opt/homebrew/Cellar/arm-none-eabi-gcc/10.3-2021.10/gcc/bin/../lib/gcc/arm-none-eabi/10.3.1/../../../../arm-none-eabi/lib/thumb/v7-m/nofp/libc_nano.a(lib_a-fflush.o)
 .ARM.attributes
                0x00000000000007a0       0x2d /opt/homebrew/Cellar/arm-none-eabi-gcc/10.3-2021.10/gcc/bin/../lib/gcc/arm-none-eabi/10.3.1/../../../../arm-none-eabi/lib/thumb/v7-m/nofp/libc_nano.a(lib_a-lseekr.o)
 .ARM.attributes
                0x00000000000007cd       0x2d /opt/homebrew/Cellar/arm-none-eabi-gcc/10.3-2021.10/gcc/bin/../lib/gcc/arm-none-eabi/10.3.1/../../../../arm-none-eabi/lib/thumb/v7-m/nofp/libc_nano.a(lib_a-makebuf.o)
 .ARM.attributes
                0x00000000000007fa       0x2d /opt/homebrew/Cellar/arm-none-eabi-gcc/10.3-2021.10/gcc/bin/../lib/gcc/arm-none-eabi/10.3.1/../../../../arm-none-eabi/lib/thumb/v7-m/nofp/libc_nano.a(lib_a-memchr-stub.o)
 .ARM.attributes
                0x0000000000000827       0x2d /opt/homebrew/Cellar/arm-none-eabi-gcc/10.3-2021.10/gcc/bin/../lib/gcc/arm-none-eabi/10.3.1/../../../../arm-none-eabi/lib/thumb/v7-m/nofp/libc_nano.a(lib_a-mlock.o)
 .ARM.attributes
                0x0000000000000854       0x2d /opt/homebrew/Cellar/arm-none-eabi-gcc/10.3-2021.10/gcc/bin/../lib/gcc/arm-none-eabi/10.3.1/../../../../arm-none-eabi/lib/thumb/v7-m/nofp/libc_nano.a(lib_a-nano-freer.o)
 .ARM.attributes
                0x0000000000000881       0x2d /opt/homebrew/Cellar/arm-none-eabi-gcc/10.3-2021.10/gcc/bin/../lib/gcc/arm-none-eabi/10.3.1/../../../../arm-none-eabi/lib/thumb/v7-m/nofp/libc_nano.a(lib_a-readr.o)
 .ARM.attributes
                0x00000000000008ae       0x2d /opt/homebrew/Cellar/arm-none-eabi-gcc/10.3-2021.10/gcc/bin/../lib/gcc/arm-none-eabi/10.3.1/../../../../arm-none-eabi/lib/thumb/v7-m/nofp/libc_nano.a(lib_a-reent.o)
 .ARM.attributes
                0x00000000000008db       0x2d /opt/homebrew/Cellar/arm-none-eabi-gcc/10.3-2021.10/gcc/bin/../lib/gcc/arm-none-eabi/10.3.1/../../../../arm-none-eabi/lib/thumb/v7-m/nofp/libc_nano.a(lib_a-fstatr.o)
 .ARM.attributes
                0x0000000000000908       0x2d /opt/homebrew/Cellar/arm-none-eabi-gcc/10.3-2021.10/gcc/bin/../lib/gcc/arm-none-eabi/10.3.1/../../../../arm-none-eabi/lib/thumb/v7-m/nofp/libc_nano.a(lib_a-isattyr.o)
 .ARM.attributes
                0x0000000000000935       0x2d /opt/homebrew/Cellar/arm-none-eabi-gcc/10.3-2021.10/gcc/bin/../lib/gcc/arm-none-eabi/10.3.1/../../../../arm-none-eabi/lib/thumb/v7-m/nofp/libnosys.a(close.o)
 .ARM.attributes
                0x0000000000000962       0x2d /opt/homebrew/Cellar/arm-none-eabi-gcc/10.3-2021.10/gcc/bin/../lib/gcc/arm-none-eabi/10.3.1/../../../../arm-none-eabi/lib/thumb/v7-m/nofp/libnosys.a(fstat.o)
 .ARM.attributes
                0x000000000000098f       0x2d /opt/homebrew/Cellar/arm-none-eabi-gcc/10.3-2021.10/gcc/bin/../lib/gcc/arm-none-eabi/10.3.1/../../../../arm-none-eabi/lib/thumb/v7-m/nofp/libnosys.a(isatty.o)
 .ARM.attributes
                0x00000000000009bc       0x2d /opt/homebrew/Cellar/arm-none-eabi-gcc/10.3-2021.10/gcc/bin/../lib/gcc/arm-none-eabi/10.3.1/../../../../arm-none-eabi/lib/thumb/v7-m/nofp/libnosys.a(lseek.o)
 .ARM.attributes
                0x00000000000009e9       0x2d /opt/homebrew/Cellar/arm-none-eabi-gcc/10.3-2021.10/gcc/bin/../lib/gcc/arm-none-eabi/10.3.1/../../../../arm-none-eabi/lib/thumb/v7-m/nofp/libnosys.a(read.o)
 .ARM.attributes
                0x0000000000000a16       0x2d /opt/homebrew/Cellar/arm-none-eabi-gcc/10.3-2021.10/gcc/bin/../lib/gcc/arm-none-eabi/10.3.1/../../../../arm-none-eabi/lib/thumb/v7-m/nofp/libnosys.a(sbrk.o)
 .ARM.attributes
                0x0000000000000a43       0x2d /opt/homebrew/Cellar/arm-none-eabi-gcc/10.3-2021.10/gcc/bin/../lib/gcc/arm-none-eabi/10.3.1/../../../../arm-none-eabi/lib/thumb/v7-m/nofp/libnosys.a(write.o)
 .ARM.attributes
                0x0000000000000a70       0x1d /opt/homebrew/Cellar/arm-none-eabi-gcc/10.3-2021.10/gcc/bin/../lib/gcc/arm-none-eabi/10.3.1/thumb/v7-m/nofp/crtn.o
OUTPUT(build/hover.elf elf32-littlearm)
LOAD linker stubs
LOAD /opt/homebrew/Cellar/arm-none-eabi-gcc/10.3-2021.10/gcc/bin/../lib/gcc/arm-none-eabi/10.3.1/../../../../arm-none-eabi/lib/thumb/v7-m/nofp/libc.a
LOAD /opt/homebrew/Cellar/arm-none-eabi-gcc/10.3-2021.10/gcc/bin/../lib/gcc/arm-none-eabi/10.3.1/../../../../arm-none-eabi/lib/thumb/v7-m/nofp/libm.a
LOAD /opt/homebrew/Cellar/arm-none-eabi-gcc/10.3-2021.10/gcc/bin/../lib/gcc/arm-none-eabi/10.3.1/thumb/v7-m/nofp/libgcc.a

.debug_info     0x0000000000000000    0x18473
 .debug_info    0x0000000000000000      0x6e9 build/stm32f1xx_hal_flash.o
 .debug_info    0x00000000000006e9      0xaa1 build/stm32f1xx_hal_rcc.o
 .debug_info    0x000000000000118a     0x34cc build/stm32f1xx_hal_tim.o
 .debug_info    0x0000000000004656     0x1520 build/stm32f1xx_hal_tim_ex.o
 .debug_info    0x0000000000005b76      0xca5 build/stm32f1xx_hal_adc_ex.o
 .debug_info    0x000000000000681b      0xe83 build/stm32f1xx_hal_cortex.o
 .debug_info    0x000000000000769e      0xb90 build/stm32f1xx_hal_flash_ex.o
 .debug_info    0x000000000000822e      0x6e4 build/stm32f1xx_hal_gpio.o
 .debug_info    0x0000000000008912      0x4c1 build/stm32f1xx_hal_rcc_ex.o
 .debug_info    0x0000000000008dd3      0x78f build/stm32f1xx_hal.o
 .debug_info    0x0000000000009562     0x101c build/stm32f1xx_hal_adc.o
 .debug_info    0x000000000000a57e     0x19c9 build/stm32f1xx_hal_uart.o
 .debug_info    0x000000000000bf47      0x8c1 build/stm32f1xx_hal_dma.o
 .debug_info    0x000000000000c808      0x45f build/system_stm32f1xx.o
 .debug_info    0x000000000000cc67     0x2333 build/setup.o
 .debug_info    0x000000000000ef9a      0xcc4 build/control.o
 .debug_info    0x000000000000fc5e     0x265d build/util.o
 .debug_info    0x00000000000122bb     0x19ab build/main.o
 .debug_info    0x0000000000013c66     0x135d build/bldc.o
 .debug_info    0x0000000000014fc3      0x9c5 build/eeprom.o
 .debug_info    0x0000000000015988      0x78d build/stm32f1xx_it.o
 .debug_info    0x0000000000016115      0x485 build/BLDC_controller_data.o
 .debug_info    0x000000000001659a     0x1eb7 build/BLDC_controller.o
 .debug_info    0x0000000000018451       0x22 build/startup_stm32f103xe.o

.debug_abbrev   0x0000000000000000     0x33fa
 .debug_abbrev  0x0000000000000000      0x24d build/stm32f1xx_hal_flash.o
 .debug_abbrev  0x000000000000024d      0x2a9 build/stm32f1xx_hal_rcc.o
 .debug_abbrev  0x00000000000004f6      0x2a9 build/stm32f1xx_hal_tim.o
 .debug_abbrev  0x000000000000079f      0x27e build/stm32f1xx_hal_tim_ex.o
 .debug_abbrev  0x0000000000000a1d      0x258 build/stm32f1xx_hal_adc_ex.o
 .debug_abbrev  0x0000000000000c75      0x345 build/stm32f1xx_hal_cortex.o
 .debug_abbrev  0x0000000000000fba      0x28d build/stm32f1xx_hal_flash_ex.o
 .debug_abbrev  0x0000000000001247      0x22b build/stm32f1xx_hal_gpio.o
 .debug_abbrev  0x0000000000001472      0x1d5 build/stm32f1xx_hal_rcc_ex.o
 .debug_abbrev  0x0000000000001647      0x213 build/stm32f1xx_hal.o
 .debug_abbrev  0x000000000000185a      0x239 build/stm32f1xx_hal_adc.o
 .debug_abbrev  0x0000000000001a93      0x2ab build/stm32f1xx_hal_uart.o
 .debug_abbrev  0x0000000000001d3e      0x262 build/stm32f1xx_hal_dma.o
 .debug_abbrev  0x0000000000001fa0      0x140 build/system_stm32f1xx.o
 .debug_abbrev  0x00000000000020e0      0x224 build/setup.o
 .debug_abbrev  0x0000000000002304      0x236 build/control.o
 .debug_abbrev  0x000000000000253a      0x345 build/util.o
 .debug_abbrev  0x000000000000287f      0x227 build/main.o
 .debug_abbrev  0x0000000000002aa6      0x218 build/bldc.o
 .debug_abbrev  0x0000000000002cbe      0x1e1 build/eeprom.o
 .debug_abbrev  0x0000000000002e9f      0x1c5 build/stm32f1xx_it.o
 .debug_abbrev  0x0000000000003064       0xd4 build/BLDC_controller_data.o
 .debug_abbrev  0x0000000000003138      0x2b0 build/BLDC_controller.o
 .debug_abbrev  0x00000000000033e8       0x12 build/startup_stm32f103xe.o

.debug_loc      0x0000000000000000    0x104b2
 .debug_loc     0x0000000000000000      0x41f build/stm32f1xx_hal_flash.o
 .debug_loc     0x000000000000041f      0x71a build/stm32f1xx_hal_rcc.o
 .debug_loc     0x0000000000000b39     0x4250 build/stm32f1xx_hal_tim.o
 .debug_loc     0x0000000000004d89     0x136f build/stm32f1xx_hal_tim_ex.o
 .debug_loc     0x00000000000060f8      0xb1e build/stm32f1xx_hal_adc_ex.o
 .debug_loc     0x0000000000006c16      0x77f build/stm32f1xx_hal_cortex.o
 .debug_loc     0x0000000000007395      0x9d7 build/stm32f1xx_hal_flash_ex.o
 .debug_loc     0x0000000000007d6c      0x5ab build/stm32f1xx_hal_gpio.o
 .debug_loc     0x0000000000008317      0x498 build/stm32f1xx_hal_rcc_ex.o
 .debug_loc     0x00000000000087af      0x124 build/stm32f1xx_hal.o
 .debug_loc     0x00000000000088d3      0xdf1 build/stm32f1xx_hal_adc.o
 .debug_loc     0x00000000000096c4     0x1cf0 build/stm32f1xx_hal_uart.o
 .debug_loc     0x000000000000b3b4      0x8ca build/stm32f1xx_hal_dma.o
 .debug_loc     0x000000000000bc7e       0xff build/system_stm32f1xx.o
 .debug_loc     0x000000000000bd7d      0x262 build/setup.o
 .debug_loc     0x000000000000bfdf      0x2ed build/control.o
 .debug_loc     0x000000000000c2cc      0xd85 build/util.o
 .debug_loc     0x000000000000d051       0xa6 build/main.o
 .debug_loc     0x000000000000d0f7      0x264 build/bldc.o
 .debug_loc     0x000000000000d35b      0xc11 build/eeprom.o
 .debug_loc     0x000000000000df6c       0xa4 build/stm32f1xx_it.o
 .debug_loc     0x000000000000e010     0x24a2 build/BLDC_controller.o

.debug_aranges  0x0000000000000000      0xff8
 .debug_aranges
                0x0000000000000000       0x88 build/stm32f1xx_hal_flash.o
 .debug_aranges
                0x0000000000000088       0x90 build/stm32f1xx_hal_rcc.o
 .debug_aranges
                0x0000000000000118      0x368 build/stm32f1xx_hal_tim.o
 .debug_aranges
                0x0000000000000480      0x138 build/stm32f1xx_hal_tim_ex.o
 .debug_aranges
                0x00000000000005b8       0x80 build/stm32f1xx_hal_adc_ex.o
 .debug_aranges
                0x0000000000000638       0x90 build/stm32f1xx_hal_cortex.o
 .debug_aranges
                0x00000000000006c8       0x98 build/stm32f1xx_hal_flash_ex.o
 .debug_aranges
                0x0000000000000760       0x58 build/stm32f1xx_hal_gpio.o
 .debug_aranges
                0x00000000000007b8       0x30 build/stm32f1xx_hal_rcc_ex.o
 .debug_aranges
                0x00000000000007e8       0xb8 build/stm32f1xx_hal.o
 .debug_aranges
                0x00000000000008a0       0xf0 build/stm32f1xx_hal_adc.o
 .debug_aranges
                0x0000000000000990      0x1d0 build/stm32f1xx_hal_uart.o
 .debug_aranges
                0x0000000000000b60       0x80 build/stm32f1xx_hal_dma.o
 .debug_aranges
                0x0000000000000be0       0x28 build/system_stm32f1xx.o
 .debug_aranges
                0x0000000000000c08       0x58 build/setup.o
 .debug_aranges
                0x0000000000000c60       0x40 build/control.o
 .debug_aranges
                0x0000000000000ca0      0x118 build/util.o
 .debug_aranges
                0x0000000000000db8       0x28 build/main.o
 .debug_aranges
                0x0000000000000de0       0x20 build/bldc.o
 .debug_aranges
                0x0000000000000e00       0x58 build/eeprom.o
 .debug_aranges
                0x0000000000000e58       0x78 build/stm32f1xx_it.o
 .debug_aranges
                0x0000000000000ed0       0x18 build/BLDC_controller_data.o
 .debug_aranges
                0x0000000000000ee8       0xe8 build/BLDC_controller.o
 .debug_aranges
                0x0000000000000fd0       0x28 build/startup_stm32f103xe.o

.debug_ranges   0x0000000000000000      0xf48
 .debug_ranges  0x0000000000000000       0x78 build/stm32f1xx_hal_flash.o
 .debug_ranges  0x0000000000000078       0xa0 build/stm32f1xx_hal_rcc.o
 .debug_ranges  0x0000000000000118      0x358 build/stm32f1xx_hal_tim.o
 .debug_ranges  0x0000000000000470      0x128 build/stm32f1xx_hal_tim_ex.o
 .debug_ranges  0x0000000000000598       0x70 build/stm32f1xx_hal_adc_ex.o
 .debug_ranges  0x0000000000000608       0xe0 build/stm32f1xx_hal_cortex.o
 .debug_ranges  0x00000000000006e8       0x88 build/stm32f1xx_hal_flash_ex.o
 .debug_ranges  0x0000000000000770       0x48 build/stm32f1xx_hal_gpio.o
 .debug_ranges  0x00000000000007b8       0x38 build/stm32f1xx_hal_rcc_ex.o
 .debug_ranges  0x00000000000007f0       0xa8 build/stm32f1xx_hal.o
 .debug_ranges  0x0000000000000898       0xe0 build/stm32f1xx_hal_adc.o
 .debug_ranges  0x0000000000000978      0x1c0 build/stm32f1xx_hal_uart.o
 .debug_ranges  0x0000000000000b38       0x70 build/stm32f1xx_hal_dma.o
 .debug_ranges  0x0000000000000ba8       0x18 build/system_stm32f1xx.o
 .debug_ranges  0x0000000000000bc0       0x48 build/setup.o
 .debug_ranges  0x0000000000000c08       0x30 build/control.o
 .debug_ranges  0x0000000000000c38      0x140 build/util.o
 .debug_ranges  0x0000000000000d78       0x18 build/main.o
 .debug_ranges  0x0000000000000d90       0x10 build/bldc.o
 .debug_ranges  0x0000000000000da0       0x48 build/eeprom.o
 .debug_ranges  0x0000000000000de8       0x68 build/stm32f1xx_it.o
 .debug_ranges  0x0000000000000e50       0xd8 build/BLDC_controller.o
 .debug_ranges  0x0000000000000f28       0x20 build/startup_stm32f103xe.o

.debug_line     0x0000000000000000    0x115e6
 .debug_line    0x0000000000000000      0x76e build/stm32f1xx_hal_flash.o
 .debug_line    0x000000000000076e      0xb3e build/stm32f1xx_hal_rcc.o
 .debug_line    0x00000000000012ac     0x3138 build/stm32f1xx_hal_tim.o
 .debug_line    0x00000000000043e4      0xfe3 build/stm32f1xx_hal_tim_ex.o
 .debug_line    0x00000000000053c7      0xb98 build/stm32f1xx_hal_adc_ex.o
 .debug_line    0x0000000000005f5f      0x5c1 build/stm32f1xx_hal_cortex.o
 .debug_line    0x0000000000006520      0x90a build/stm32f1xx_hal_flash_ex.o
 .debug_line    0x0000000000006e2a      0x60b build/stm32f1xx_hal_gpio.o
 .debug_line    0x0000000000007435      0x4bd build/stm32f1xx_hal_rcc_ex.o
 .debug_line    0x00000000000078f2      0x446 build/stm32f1xx_hal.o
 .debug_line    0x0000000000007d38      0xe95 build/stm32f1xx_hal_adc.o
 .debug_line    0x0000000000008bcd     0x1a70 build/stm32f1xx_hal_uart.o
 .debug_line    0x000000000000a63d      0xcbd build/stm32f1xx_hal_dma.o
 .debug_line    0x000000000000b2fa      0x288 build/system_stm32f1xx.o
 .debug_line    0x000000000000b582      0xad6 build/setup.o
 .debug_line    0x000000000000c058      0x458 build/control.o
 .debug_line    0x000000000000c4b0     0x13d6 build/util.o
 .debug_line    0x000000000000d886      0x5d2 build/main.o
 .debug_line    0x000000000000de58      0x812 build/bldc.o
 .debug_line    0x000000000000e66a      0x8d6 build/eeprom.o
 .debug_line    0x000000000000ef40      0x34c build/stm32f1xx_it.o
 .debug_line    0x000000000000f28c       0x62 build/BLDC_controller_data.o
 .debug_line    0x000000000000f2ee     0x2286 build/BLDC_controller.o
 .debug_line    0x0000000000011574       0x72 build/startup_stm32f103xe.o

.debug_str      0x0000000000000000     0x59c3
 .debug_str     0x0000000000000000      0x48f build/stm32f1xx_hal_flash.o
                                        0x52d (size before relaxing)
 .debug_str     0x000000000000048f      0x3dc build/stm32f1xx_hal_rcc.o
                                        0x619 (size before relaxing)
 .debug_str     0x000000000000086b     0x10a9 build/stm32f1xx_hal_tim.o
                                       0x1333 (size before relaxing)
 .debug_str     0x0000000000001914      0x4ee build/stm32f1xx_hal_tim_ex.o
                                        0xbd5 (size before relaxing)
 .debug_str     0x0000000000001e02      0x42a build/stm32f1xx_hal_adc_ex.o
                                        0x84e (size before relaxing)
 .debug_str     0x000000000000222c      0x6e8 build/stm32f1xx_hal_cortex.o
                                        0x99f (size before relaxing)
 .debug_str     0x0000000000002914      0x2b8 build/stm32f1xx_hal_flash_ex.o
                                        0x643 (size before relaxing)
 .debug_str     0x0000000000002bcc      0x17b build/stm32f1xx_hal_gpio.o
                                        0x404 (size before relaxing)
 .debug_str     0x0000000000002d47      0x133 build/stm32f1xx_hal_rcc_ex.o
                                        0x40f (size before relaxing)
 .debug_str     0x0000000000002e7a      0x1b3 build/stm32f1xx_hal.o
                                        0x827 (size before relaxing)
 .debug_str     0x000000000000302d      0x2a4 build/stm32f1xx_hal_adc.o
                                        0x8ad (size before relaxing)
 .debug_str     0x00000000000032d1      0x6df build/stm32f1xx_hal_uart.o
                                        0xb5e (size before relaxing)
 .debug_str     0x00000000000039b0      0x207 build/stm32f1xx_hal_dma.o
                                        0x5fb (size before relaxing)
 .debug_str     0x0000000000003bb7       0x4a build/system_stm32f1xx.o
                                        0x2ab (size before relaxing)
 .debug_str     0x0000000000003c01      0x397 build/setup.o
                                       0x139c (size before relaxing)
 .debug_str     0x0000000000003f98      0x172 build/control.o
                                        0x988 (size before relaxing)
 .debug_str     0x000000000000410a      0xe08 build/util.o
                                       0x146e (size before relaxing)
 .debug_str     0x0000000000004f12      0x19e build/main.o
                                       0x11ae (size before relaxing)
 .debug_str     0x00000000000050b0      0x141 build/bldc.o
                                        0xc87 (size before relaxing)
 .debug_str     0x00000000000051f1      0x123 build/eeprom.o
                                        0x3da (size before relaxing)
 .debug_str     0x0000000000005314       0xe7 build/stm32f1xx_it.o
                                        0x68b (size before relaxing)
 .debug_str     0x00000000000053fb       0xba build/BLDC_controller_data.o
                                        0x44e (size before relaxing)
 .debug_str     0x00000000000054b5      0x4ea build/BLDC_controller.o
                                        0xf82 (size before relaxing)
 .debug_str     0x000000000000599f       0x24 build/startup_stm32f103xe.o